Archive member included to satisfy reference by file (symbol)

D:\Users\death\DOCUME~1\GitHub\PROJEC~1\C__&AR~1\PCD\PCD\ARDUIN~1\Debug\libArduinoCore.a(HardwareSerial.o)
                              Main.o (_ZN14HardwareSerial5beginEmh)
D:\Users\death\DOCUME~1\GitHub\PROJEC~1\C__&AR~1\PCD\PCD\ARDUIN~1\Debug\libArduinoCore.a(HardwareSerial0.o)
                              Main.o (Serial)
D:\Users\death\DOCUME~1\GitHub\PROJEC~1\C__&AR~1\PCD\PCD\ARDUIN~1\Debug\libArduinoCore.a(Print.o)
                              D:\Users\death\DOCUME~1\GitHub\PROJEC~1\C__&AR~1\PCD\PCD\ARDUIN~1\Debug\libArduinoCore.a(HardwareSerial.o) (_ZN5Print5writeEPKhj)
D:\Users\death\DOCUME~1\GitHub\PROJEC~1\C__&AR~1\PCD\PCD\ARDUIN~1\Debug\libArduinoCore.a(WInterrupts.o)
                              Main.o (attachInterrupt)
D:\Users\death\DOCUME~1\GitHub\PROJEC~1\C__&AR~1\PCD\PCD\ARDUIN~1\Debug\libArduinoCore.a(wiring.o)
                              Main.o (delay)
D:\Users\death\DOCUME~1\GitHub\PROJEC~1\C__&AR~1\PCD\PCD\ARDUIN~1\Debug\libArduinoCore.a(DS3232RTC.o)
                              Main.o (_ZN9DS3232RTC8setAlarmE13ALARM_TYPES_thhhh)
D:\Users\death\DOCUME~1\GitHub\PROJEC~1\C__&AR~1\PCD\PCD\ARDUIN~1\Debug\libArduinoCore.a(DateStrings.o)
                              Main.o (_Z13monthShortStrh)
D:\Users\death\DOCUME~1\GitHub\PROJEC~1\C__&AR~1\PCD\PCD\ARDUIN~1\Debug\libArduinoCore.a(Time.o)
                              D:\Users\death\DOCUME~1\GitHub\PROJEC~1\C__&AR~1\PCD\PCD\ARDUIN~1\Debug\libArduinoCore.a(DS3232RTC.o) (_Z9breakTimemR12tmElements_t)
D:\Users\death\DOCUME~1\GitHub\PROJEC~1\C__&AR~1\PCD\PCD\ARDUIN~1\Debug\libArduinoCore.a(Wire.o)
                              D:\Users\death\DOCUME~1\GitHub\PROJEC~1\C__&AR~1\PCD\PCD\ARDUIN~1\Debug\libArduinoCore.a(DS3232RTC.o) (_ZN7TwoWire4readEv)
D:\Users\death\DOCUME~1\GitHub\PROJEC~1\C__&AR~1\PCD\PCD\ARDUIN~1\Debug\libArduinoCore.a(abi.o)
                              D:\Users\death\DOCUME~1\GitHub\PROJEC~1\C__&AR~1\PCD\PCD\ARDUIN~1\Debug\libArduinoCore.a(Print.o) (__cxa_pure_virtual)
D:\Users\death\DOCUME~1\GitHub\PROJEC~1\C__&AR~1\PCD\PCD\ARDUIN~1\Debug\libArduinoCore.a(hooks.o)
                              D:\Users\death\DOCUME~1\GitHub\PROJEC~1\C__&AR~1\PCD\PCD\ARDUIN~1\Debug\libArduinoCore.a(wiring.o) (yield)
D:\Users\death\DOCUME~1\GitHub\PROJEC~1\C__&AR~1\PCD\PCD\ARDUIN~1\Debug\libArduinoCore.a(twi.o)
                              D:\Users\death\DOCUME~1\GitHub\PROJEC~1\C__&AR~1\PCD\PCD\ARDUIN~1\Debug\libArduinoCore.a(Wire.o) (twi_init)
D:\Users\death\DOCUME~1\GitHub\PROJEC~1\C__&AR~1\PCD\PCD\ARDUIN~1\Debug\libArduinoCore.a(wiring_digital.o)
                              D:\Users\death\DOCUME~1\GitHub\PROJEC~1\C__&AR~1\PCD\PCD\ARDUIN~1\Debug\libArduinoCore.a(twi.o) (digitalWrite)
d:/program files (x86)/atmel/studio/7.0/toolchain/avr8/avr8-gnu-toolchain/bin/../lib/gcc/avr/5.4.0/../../../../avr/lib/avr5\libm.a(addsf3.o)
                              D:\Users\death\DOCUME~1\GitHub\PROJEC~1\C__&AR~1\PCD\PCD\ARDUIN~1\Debug\libArduinoCore.a(Print.o) (__subsf3)
d:/program files (x86)/atmel/studio/7.0/toolchain/avr8/avr8-gnu-toolchain/bin/../lib/gcc/avr/5.4.0/../../../../avr/lib/avr5\libm.a(addsf3x.o)
                              d:/program files (x86)/atmel/studio/7.0/toolchain/avr8/avr8-gnu-toolchain/bin/../lib/gcc/avr/5.4.0/../../../../avr/lib/avr5\libm.a(addsf3.o) (__addsf3x)
d:/program files (x86)/atmel/studio/7.0/toolchain/avr8/avr8-gnu-toolchain/bin/../lib/gcc/avr/5.4.0/../../../../avr/lib/avr5\libm.a(cmpsf2.o)
                              D:\Users\death\DOCUME~1\GitHub\PROJEC~1\C__&AR~1\PCD\PCD\ARDUIN~1\Debug\libArduinoCore.a(Print.o) (__ltsf2)
d:/program files (x86)/atmel/studio/7.0/toolchain/avr8/avr8-gnu-toolchain/bin/../lib/gcc/avr/5.4.0/../../../../avr/lib/avr5\libm.a(divsf3.o)
                              D:\Users\death\DOCUME~1\GitHub\PROJEC~1\C__&AR~1\PCD\PCD\ARDUIN~1\Debug\libArduinoCore.a(Print.o) (__divsf3)
d:/program files (x86)/atmel/studio/7.0/toolchain/avr8/avr8-gnu-toolchain/bin/../lib/gcc/avr/5.4.0/../../../../avr/lib/avr5\libm.a(divsf3x.o)
                              d:/program files (x86)/atmel/studio/7.0/toolchain/avr8/avr8-gnu-toolchain/bin/../lib/gcc/avr/5.4.0/../../../../avr/lib/avr5\libm.a(divsf3.o) (__divsf3x)
d:/program files (x86)/atmel/studio/7.0/toolchain/avr8/avr8-gnu-toolchain/bin/../lib/gcc/avr/5.4.0/../../../../avr/lib/avr5\libm.a(fixsfsi.o)
                              D:\Users\death\DOCUME~1\GitHub\PROJEC~1\C__&AR~1\PCD\PCD\ARDUIN~1\Debug\libArduinoCore.a(Print.o) (__fixsfsi)
d:/program files (x86)/atmel/studio/7.0/toolchain/avr8/avr8-gnu-toolchain/bin/../lib/gcc/avr/5.4.0/../../../../avr/lib/avr5\libm.a(fixunssfsi.o)
                              D:\Users\death\DOCUME~1\GitHub\PROJEC~1\C__&AR~1\PCD\PCD\ARDUIN~1\Debug\libArduinoCore.a(Print.o) (__fixunssfsi)
d:/program files (x86)/atmel/studio/7.0/toolchain/avr8/avr8-gnu-toolchain/bin/../lib/gcc/avr/5.4.0/../../../../avr/lib/avr5\libm.a(floatsisf.o)
[...]
Memory Configuration

Name             Origin             Length             Attributes
text             0x00000000         0x00020000         xr
data             0x00800060         0x0000ffa0         rw !x
eeprom           0x00810000         0x00010000         rw !x
fuse             0x00820000         0x00000003         rw !x
lock             0x00830000         0x00000400         rw !x
signature        0x00840000         0x00000400         rw !x
user_signatures  0x00850000         0x00000400         rw !x
*default*        0x00000000         0xffffffff

Linker script and memory map

Address of section .data set to 0x800100
LOAD D:/Program Files (x86)/Atmel/Studio/7.0/Packs/Atmel/ATmega_DFP/1.2.132/gcc/dev/atmega328p/avr5/crtatmega328p.o
LOAD Main.o
START GROUP
LOAD d:/program files (x86)/atmel/studio/7.0/toolchain/avr8/avr8-gnu-toolchain/bin/../lib/gcc/avr/5.4.0/../../../../avr/lib/avr5\libm.a
LOAD D:\Users\death\DOCUME~1\GitHub\PROJEC~1\C__&AR~1\PCD\PCD\ARDUIN~1\Debug\libArduinoCore.a
END GROUP
LOAD d:/program files (x86)/atmel/studio/7.0/toolchain/avr8/avr8-gnu-toolchain/bin/../lib/gcc/avr/5.4.0/avr5\libgcc.a
LOAD d:/program files (x86)/atmel/studio/7.0/toolchain/avr8/avr8-gnu-toolchain/bin/../lib/gcc/avr/5.4.0/../../../../avr/lib/avr5\libm.a
START GROUP
LOAD d:/program files (x86)/atmel/studio/7.0/toolchain/avr8/avr8-gnu-toolchain/bin/../lib/gcc/avr/5.4.0/avr5\libgcc.a
LOAD d:/program files (x86)/atmel/studio/7.0/toolchain/avr8/avr8-gnu-toolchain/bin/../lib/gcc/avr/5.4.0/../../../../avr/lib/avr5\libm.a
LOAD d:/program files (x86)/atmel/studio/7.0/toolchain/avr8/avr8-gnu-toolchain/bin/../lib/gcc/avr/5.4.0/../../../../avr/lib/avr5\libc.a
LOAD D:/Program Files (x86)/Atmel/Studio/7.0/Packs/Atmel/ATmega_DFP/1.2.132/gcc/dev/atmega328p/avr5\libatmega328p.a
END GROUP
                0x00020000                __TEXT_REGION_LENGTH__ = DEFINED (__TEXT_REGION_LENGTH__)?__TEXT_REGION_LENGTH__:0x20000
                0x0000ffa0                __DATA_REGION_LENGTH__ = DEFINED (__DATA_REGION_LENGTH__)?__DATA_REGION_LENGTH__:0xffa0
                0x00010000                __EEPROM_REGION_LENGTH__ = DEFINED (__EEPROM_REGION_LENGTH__)?__EEPROM_REGION_LENGTH__:0x10000
                [0x00000003]                __FUSE_REGION_LENGTH__ = DEFINED (__FUSE_REGION_LENGTH__)?__FUSE_REGION_LENGTH__:0x400
                0x00000400                __LOCK_REGION_LENGTH__ = DEFINED (__LOCK_REGION_LENGTH__)?__LOCK_REGION_LENGTH__:0x400
                0x00000400                __SIGNATURE_REGION_LENGTH__ = DEFINED (__SIGNATURE_REGION_LENGTH__)?__SIGNATURE_REGION_LENGTH__:0x400
                0x00000400                __USER_SIGNATURE_REGION_LENGTH__ = DEFINED (__USER_SIGNATURE_REGION_LENGTH__)?__USER_SIGNATURE_REGION_LENGTH__:0x400

.hash
 *(.hash)

.dynsym
 *(.dynsym)

.dynstr
 *(.dynstr)

.gnu.version
 *(.gnu.version)

.gnu.version_d
 *(.gnu.version_d)

.gnu.version_r
 *(.gnu.version_r)

.rel.init
 *(.rel.init)

.rela.init
 *(.rela.init)

.rel.text
 *(.rel.text)
 *(.rel.text.*)
 *(.rel.gnu.linkonce.t*)

.rela.text
 *(.rela.text)
 *(.rela.text.*)
 *(.rela.gnu.linkonce.t*)

.rel.fini
 *(.rel.fini)

.rela.fini
 *(.rela.fini)

.rel.rodata
 *(.rel.rodata)
 *(.rel.rodata.*)
 *(.rel.gnu.linkonce.r*)

.rela.rodata
 *(.rela.rodata)
 *(.rela.rodata.*)
 *(.rela.gnu.linkonce.r*)

.rel.data
 *(.rel.data)
 *(.rel.data.*)
 *(.rel.gnu.linkonce.d*)

.rela.data
 *(.rela.data)
 *(.rela.data.*)
 *(.rela.gnu.linkonce.d*)

.rel.ctors
 *(.rel.ctors)

.rela.ctors
 *(.rela.ctors)

.rel.dtors
 *(.rel.dtors)

.rela.dtors
 *(.rela.dtors)

.rel.got
 *(.rel.got)

.rela.got
 *(.rela.got)

.rel.bss
 *(.rel.bss)

.rela.bss
 *(.rela.bss)

.rel.plt
 *(.rel.plt)

.rela.plt
 *(.rela.plt)

.text           0x00000000     0x1dae
 *(.vectors)
 .vectors       0x00000000       0x68 D:/Program Files (x86)/Atmel/Studio/7.0/Packs/Atmel/ATmega_DFP/1.2.132/gcc/dev/atmega328p/avr5/crtatmega328p.o
                0x00000000                __vector_default
                0x00000000                __vectors
 *(.vectors)
 *(.progmem.gcc*)
                0x00000068                . = ALIGN (0x2)
                0x00000068                __trampolines_start = .
 *(.trampolines)
 .trampolines   0x00000068        0x0 linker stubs
 *(.trampolines*)
                0x00000068                __trampolines_end = .
 *libprintf_flt.a:*(.progmem.data)
 *libc.a:*(.progmem.data)
 *(.progmem*)
 .progmem.data._ZL17monthShortNames_P
                0x00000068       0x28 D:\Users\death\DOCUME~1\GitHub\PROJEC~1\C__&AR~1\PCD\PCD\ARDUIN~1\Debug\libArduinoCore.a(DateStrings.o)
 .progmem.data.digital_pin_to_timer_PGM
                0x00000090       0x14 D:\Users\death\DOCUME~1\GitHub\PROJEC~1\C__&AR~1\PCD\PCD\ARDUIN~1\Debug\libArduinoCore.a(wiring_digital.o)
                0x00000090                digital_pin_to_timer_PGM
 .progmem.data.digital_pin_to_bit_mask_PGM
                0x000000a4       0x14 D:\Users\death\DOCUME~1\GitHub\PROJEC~1\C__&AR~1\PCD\PCD\ARDUIN~1\Debug\libArduinoCore.a(wiring_digital.o)
                0x000000a4                digital_pin_to_bit_mask_PGM
 .progmem.data.digital_pin_to_port_PGM
                0x000000b8       0x14 D:\Users\death\DOCUME~1\GitHub\PROJEC~1\C__&AR~1\PCD\PCD\ARDUIN~1\Debug\libArduinoCore.a(wiring_digital.o)
                0x000000b8                digital_pin_to_port_PGM
 .progmem.data.port_to_output_PGM
                0x000000cc        0xa D:\Users\death\DOCUME~1\GitHub\PROJEC~1\C__&AR~1\PCD\PCD\ARDUIN~1\Debug\libArduinoCore.a(wiring_digital.o)
                0x000000cc                port_to_output_PGM
                0x000000d6                . = ALIGN (0x2)
 *(.jumptables)
 *(.jumptables*)
 *(.lowtext)
 *(.lowtext*)
                0x000000d6                __ctors_start = .
 *(.ctors)
 .ctors         0x000000d6        0x2 Main.o
 .ctors         0x000000d8        0x2 D:\Users\death\DOCUME~1\GitHub\PROJEC~1\C__&AR~1\PCD\PCD\ARDUIN~1\Debug\libArduinoCore.a(HardwareSerial0.o)
 .ctors         0x000000da        0x2 D:\Users\death\DOCUME~1\GitHub\PROJEC~1\C__&AR~1\PCD\PCD\ARDUIN~1\Debug\libArduinoCore.a(DS3232RTC.o)
 .ctors         0x000000dc        0x2 D:\Users\death\DOCUME~1\GitHub\PROJEC~1\C__&AR~1\PCD\PCD\ARDUIN~1\Debug\libArduinoCore.a(Wire.o)
                0x000000de                __ctors_end = .
                0x000000de                __dtors_start = .
 *(.dtors)
                0x000000de                __dtors_end = .
 SORT(*)(.ctors)
 SORT(*)(.dtors)
 *(.init0)
 .init0         0x000000de        0x0 D:/Program Files (x86)/Atmel/Studio/7.0/Packs/Atmel/ATmega_DFP/1.2.132/gcc/dev/atmega328p/avr5/crtatmega328p.o
                0x000000de                __init
 *(.init0)
 *(.init1)
 *(.init1)
 *(.init2)
 .init2         0x000000de        0xc D:/Program Files (x86)/Atmel/Studio/7.0/Packs/Atmel/ATmega_DFP/1.2.132/gcc/dev/atmega328p/avr5/crtatmega328p.o
 *(.init2)
 *(.init3)
 *(.init3)
 *(.init4)
 .init4         0x000000ea       0x16 d:/program files (x86)/atmel/studio/7.0/toolchain/avr8/avr8-gnu-toolchain/bin/../lib/gcc/avr/5.4.0/avr5\libgcc.a(_copy_data.o)
                0x000000ea                __do_copy_data
 .init4         0x00000100       0x10 d:/program files (x86)/atmel/studio/7.0/toolchain/avr8/avr8-gnu-toolchain/bin/../lib/gcc/avr/5.4.0/avr5\libgcc.a(_clear_bss.o)
                0x00000100                __do_clear_bss
 *(.init4)
 *(.init5)
 *(.init5)
 *(.init6)
 .init6         0x00000110       0x16 d:/program files (x86)/atmel/studio/7.0/toolchain/avr8/avr8-gnu-toolchain/bin/../lib/gcc/avr/5.4.0/avr5\libgcc.a(_ctors.o)
                0x00000110                __do_global_ctors
 *(.init6)
 *(.init7)
 *(.init7)
 *(.init8)
 *(.init8)
 *(.init9)
 .init9         0x00000126        0x8 D:/Program Files (x86)/Atmel/Studio/7.0/Packs/Atmel/ATmega_DFP/1.2.132/gcc/dev/atmega328p/avr5/crtatmega328p.o
 *(.init9)
 *(.text)
 .text          0x0000012e        0x4 D:/Program Files (x86)/Atmel/Studio/7.0/Packs/Atmel/ATmega_DFP/1.2.132/gcc/dev/atmega328p/avr5/crtatmega328p.o
                0x0000012e                __vector_22
                0x0000012e                __vector_12
                0x0000012e                __bad_interrupt
                0x0000012e                __vector_6
                0x0000012e                __vector_3
                0x0000012e                __vector_23
                0x0000012e                __vector_25
                0x0000012e                __vector_11
                0x0000012e                __vector_13
                0x0000012e                __vector_17
                0x0000012e                __vector_7
                0x0000012e                __vector_5
                0x0000012e                __vector_4
                0x0000012e                __vector_9
                0x0000012e                __vector_21
                0x0000012e                __vector_15
                0x0000012e                __vector_8
                0x0000012e                __vector_14
                0x0000012e                __vector_10
                0x0000012e                __vector_20
                0x00000132                . = ALIGN (0x2)
 *(.text.*)
 .text._Z8alarmIsrv
                0x00000132        0x8 Main.o
                0x00000132                _Z8alarmIsrv
 .text._ZlsR5PrintRK6_BASED
                0x0000013a       0x20 Main.o
                0x0000013a                _ZlsR5PrintRK6_BASED
 .text._ZN23Human_Machine_Interface13printDateTimeE12tmElements_t
                0x0000015a      0x10e Main.o
                0x0000015a                _ZN23Human_Machine_Interface13printDateTimeE12tmElements_t
 .text._ZN23Human_Machine_Interface13printDateTimeEm
                0x00000268      0x1d0 Main.o
                0x00000268                _ZN23Human_Machine_Interface13printDateTimeEm
 .text._ZN23Human_Machine_Interface8ConvTotmEm
                0x00000438       0x98 Main.o
                0x00000438                _ZN23Human_Machine_Interface8ConvTotmEm
 .text._ZN16DS3231RTC_Alarms11init_alarmsEv
                0x000004d0       0xaa Main.o
                0x000004d0                _ZN16DS3231RTC_Alarms11init_alarmsEv
 .text._ZN16DS3231RTC_Alarms11alarm_CheckEPh
                0x0000057a       0x42 Main.o
                0x0000057a                _ZN16DS3231RTC_Alarms11alarm_CheckEPh
 .text.startup.main
                0x000005bc       0xd8 Main.o
                0x000005bc                main
 .text.startup._GLOBAL__sub_I_alarmIsrWasCalled
                0x00000694       0x1a Main.o
 .text._ZN14HardwareSerial9availableEv
                0x000006ae       0x18 D:\Users\death\DOCUME~1\GitHub\PROJEC~1\C__&AR~1\PCD\PCD\ARDUIN~1\Debug\libArduinoCore.a(HardwareSerial.o)
                0x000006ae                _ZN14HardwareSerial9availableEv
 .text._ZN14HardwareSerial4peekEv
                0x000006c6       0x1c D:\Users\death\DOCUME~1\GitHub\PROJEC~1\C__&AR~1\PCD\PCD\ARDUIN~1\Debug\libArduinoCore.a(HardwareSerial.o)
                0x000006c6                _ZN14HardwareSerial4peekEv
 .text._ZN14HardwareSerial4readEv
                0x000006e2       0x28 D:\Users\death\DOCUME~1\GitHub\PROJEC~1\C__&AR~1\PCD\PCD\ARDUIN~1\Debug\libArduinoCore.a(HardwareSerial.o)
                0x000006e2                _ZN14HardwareSerial4readEv
 .text._ZN14HardwareSerial17_tx_udr_empty_irqEv
                0x0000070a       0x42 D:\Users\death\DOCUME~1\GitHub\PROJEC~1\C__&AR~1\PCD\PCD\ARDUIN~1\Debug\libArduinoCore.a(HardwareSerial.o)
                0x0000070a                _ZN14HardwareSerial17_tx_udr_empty_irqEv
 .text._ZN14HardwareSerial5writeEh
                0x0000074c       0x8e D:\Users\death\DOCUME~1\GitHub\PROJEC~1\C__&AR~1\PCD\PCD\ARDUIN~1\Debug\libArduinoCore.a(HardwareSerial.o)
                0x0000074c                _ZN14HardwareSerial5writeEh
 .text._ZN14HardwareSerial5flushEv
                0x000007da       0x44 D:\Users\death\DOCUME~1\GitHub\PROJEC~1\C__&AR~1\PCD\PCD\ARDUIN~1\Debug\libArduinoCore.a(HardwareSerial.o)
                0x000007da                _ZN14HardwareSerial5flushEv
 .text._ZN14HardwareSerial5beginEmh
                0x0000081e       0xca D:\Users\death\DOCUME~1\GitHub\PROJEC~1\C__&AR~1\PCD\PCD\ARDUIN~1\Debug\libArduinoCore.a(HardwareSerial.o)
                0x0000081e                _ZN14HardwareSerial5beginEmh
 .text.__vector_18
                0x000008e8       0x64 D:\Users\death\DOCUME~1\GitHub\PROJEC~1\C__&AR~1\PCD\PCD\ARDUIN~1\Debug\libArduinoCore.a(HardwareSerial0.o)
                0x000008e8                __vector_18
 .text.__vector_19
                0x0000094c       0x4c D:\Users\death\DOCUME~1\GitHub\PROJEC~1\C__&AR~1\PCD\PCD\ARDUIN~1\Debug\libArduinoCore.a(HardwareSerial0.o)
                0x0000094c                __vector_19
 .text.startup._GLOBAL__sub_I___vector_18
                0x00000998       0x5a D:\Users\death\DOCUME~1\GitHub\PROJEC~1\C__&AR~1\PCD\PCD\ARDUIN~1\Debug\libArduinoCore.a(HardwareSerial0.o)
 .text._ZN5Print5writeEPKhj
                0x000009f2       0x54 D:\Users\death\DOCUME~1\GitHub\PROJEC~1\C__&AR~1\PCD\PCD\ARDUIN~1\Debug\libArduinoCore.a(Print.o)
                0x000009f2                _ZN5Print5writeEPKhj
 .text._ZN5Print5writeEPKc
                0x00000a46       0x2a D:\Users\death\DOCUME~1\GitHub\PROJEC~1\C__&AR~1\PCD\PCD\ARDUIN~1\Debug\libArduinoCore.a(Print.o)
                0x00000a46                _ZN5Print5writeEPKc
 .text._ZN5Print5printEPKc
                0x00000a70        0x4 D:\Users\death\DOCUME~1\GitHub\PROJEC~1\C__&AR~1\PCD\PCD\ARDUIN~1\Debug\libArduinoCore.a(Print.o)
                0x00000a70                _ZN5Print5printEPKc
 .text._ZN5Print5printEc
                0x00000a74        0xe D:\Users\death\DOCUME~1\GitHub\PROJEC~1\C__&AR~1\PCD\PCD\ARDUIN~1\Debug\libArduinoCore.a(Print.o)
                0x00000a74                _ZN5Print5printEc
 .text._ZN5Print7printlnEv
                0x00000a82        0x8 D:\Users\death\DOCUME~1\GitHub\PROJEC~1\C__&AR~1\PCD\PCD\ARDUIN~1\Debug\libArduinoCore.a(Print.o)
                0x00000a82                _ZN5Print7printlnEv
 .text._ZN5Print11printNumberEmh
                0x00000a8a       0x92 D:\Users\death\DOCUME~1\GitHub\PROJEC~1\C__&AR~1\PCD\PCD\ARDUIN~1\Debug\libArduinoCore.a(Print.o)
                0x00000a8a                _ZN5Print11printNumberEmh
 .text._ZN5Print5printEmi
                0x00000b1c       0x1a D:\Users\death\DOCUME~1\GitHub\PROJEC~1\C__&AR~1\PCD\PCD\ARDUIN~1\Debug\libArduinoCore.a(Print.o)
                0x00000b1c                _ZN5Print5printEmi
 .text._ZN5Print5printEhi
                0x00000b36        0xe D:\Users\death\DOCUME~1\GitHub\PROJEC~1\C__&AR~1\PCD\PCD\ARDUIN~1\Debug\libArduinoCore.a(Print.o)
                0x00000b36                _ZN5Print5printEhi
 .text._ZN5Print5printEli
                0x00000b44       0x90 D:\Users\death\DOCUME~1\GitHub\PROJEC~1\C__&AR~1\PCD\PCD\ARDUIN~1\Debug\libArduinoCore.a(Print.o)
                0x00000b44                _ZN5Print5printEli
 .text.nothing  0x00000bd4        0x2 D:\Users\death\DOCUME~1\GitHub\PROJEC~1\C__&AR~1\PCD\PCD\ARDUIN~1\Debug\libArduinoCore.a(WInterrupts.o)
 .text.attachInterrupt
                0x00000bd6       0x40 D:\Users\death\DOCUME~1\GitHub\PROJEC~1\C__&AR~1\PCD\PCD\ARDUIN~1\Debug\libArduinoCore.a(WInterrupts.o)
                0x00000bd6                attachInterrupt
 .text.__vector_1
                0x00000c16       0x4e D:\Users\death\DOCUME~1\GitHub\PROJEC~1\C__&AR~1\PCD\PCD\ARDUIN~1\Debug\libArduinoCore.a(WInterrupts.o)
                0x00000c16                __vector_1
 .text.__vector_2
                0x00000c64       0x4e D:\Users\death\DOCUME~1\GitHub\PROJEC~1\C__&AR~1\PCD\PCD\ARDUIN~1\Debug\libArduinoCore.a(WInterrupts.o)
                0x00000c64                __vector_2
 .text.__vector_16
                0x00000cb2       0x94 D:\Users\death\DOCUME~1\GitHub\PROJEC~1\C__&AR~1\PCD\PCD\ARDUIN~1\Debug\libArduinoCore.a(wiring.o)
                0x00000cb2                __vector_16
 .text.micros   0x00000d46       0x4a D:\Users\death\DOCUME~1\GitHub\PROJEC~1\C__&AR~1\PCD\PCD\ARDUIN~1\Debug\libArduinoCore.a(wiring.o)
                0x00000d46                micros
 .text.delay    0x00000d90       0x78 D:\Users\death\DOCUME~1\GitHub\PROJEC~1\C__&AR~1\PCD\PCD\ARDUIN~1\Debug\libArduinoCore.a(wiring.o)
                0x00000d90                delay
 .text.init     0x00000e08       0x76 D:\Users\death\DOCUME~1\GitHub\PROJEC~1\C__&AR~1\PCD\PCD\ARDUIN~1\Debug\libArduinoCore.a(wiring.o)
                0x00000e08                init
 .text._ZN9DS3232RTC7bcd2decEh
                0x00000e7e       0x10 D:\Users\death\DOCUME~1\GitHub\PROJEC~1\C__&AR~1\PCD\PCD\ARDUIN~1\Debug\libArduinoCore.a(DS3232RTC.o)
                0x00000e7e                _ZN9DS3232RTC7bcd2decEh
 .text.startup._GLOBAL__sub_I__ZN9DS3232RTC7errCodeE
                0x00000e8e        0x8 D:\Users\death\DOCUME~1\GitHub\PROJEC~1\C__&AR~1\PCD\PCD\ARDUIN~1\Debug\libArduinoCore.a(DS3232RTC.o)
 .text._ZN9DS3232RTC8writeRTCEhPhh
                0x00000e96       0x58 D:\Users\death\DOCUME~1\GitHub\PROJEC~1\C__&AR~1\PCD\PCD\ARDUIN~1\Debug\libArduinoCore.a(DS3232RTC.o)
                0x00000e96                _ZN9DS3232RTC8writeRTCEhPhh
 .text._ZN9DS3232RTC8writeRTCEhh
                0x00000eee       0x20 D:\Users\death\DOCUME~1\GitHub\PROJEC~1\C__&AR~1\PCD\PCD\ARDUIN~1\Debug\libArduinoCore.a(DS3232RTC.o)
                0x00000eee                _ZN9DS3232RTC8writeRTCEhh
 .text._ZN9DS3232RTC4readER12tmElements_t
                0x00000f0e       0xac D:\Users\death\DOCUME~1\GitHub\PROJEC~1\C__&AR~1\PCD\PCD\ARDUIN~1\Debug\libArduinoCore.a(DS3232RTC.o)
                0x00000f0e                _ZN9DS3232RTC4readER12tmElements_t
 .text._ZN9DS3232RTC3getEv
                0x00000fba       0x42 D:\Users\death\DOCUME~1\GitHub\PROJEC~1\C__&AR~1\PCD\PCD\ARDUIN~1\Debug\libArduinoCore.a(DS3232RTC.o)
                0x00000fba                _ZN9DS3232RTC3getEv
 .text._ZN9DS3232RTC7readRTCEhPhh
                0x00000ffc       0x6c D:\Users\death\DOCUME~1\GitHub\PROJEC~1\C__&AR~1\PCD\PCD\ARDUIN~1\Debug\libArduinoCore.a(DS3232RTC.o)
                0x00000ffc                _ZN9DS3232RTC7readRTCEhPhh
 .text._ZN9DS3232RTC7readRTCEh
                0x00001068       0x20 D:\Users\death\DOCUME~1\GitHub\PROJEC~1\C__&AR~1\PCD\PCD\ARDUIN~1\Debug\libArduinoCore.a(DS3232RTC.o)
                0x00001068                _ZN9DS3232RTC7readRTCEh
 .text._ZN9DS3232RTC14alarmInterruptEhb
                0x00001088       0x42 D:\Users\death\DOCUME~1\GitHub\PROJEC~1\C__&AR~1\PCD\PCD\ARDUIN~1\Debug\libArduinoCore.a(DS3232RTC.o)
                0x00001088                _ZN9DS3232RTC14alarmInterruptEhb
 .text._ZN9DS3232RTC5alarmEh
                0x000010ca       0x40 D:\Users\death\DOCUME~1\GitHub\PROJEC~1\C__&AR~1\PCD\PCD\ARDUIN~1\Debug\libArduinoCore.a(DS3232RTC.o)
                0x000010ca                _ZN9DS3232RTC5alarmEh
 .text._ZN9DS3232RTC10squareWaveE14SQWAVE_FREQS_t
                0x0000110a       0x34 D:\Users\death\DOCUME~1\GitHub\PROJEC~1\C__&AR~1\PCD\PCD\ARDUIN~1\Debug\libArduinoCore.a(DS3232RTC.o)
                0x0000110a                _ZN9DS3232RTC10squareWaveE14SQWAVE_FREQS_t
 .text._Z13monthShortStrh
                0x0000113e       0x32 D:\Users\death\DOCUME~1\GitHub\PROJEC~1\C__&AR~1\PCD\PCD\ARDUIN~1\Debug\libArduinoCore.a(DateStrings.o)
                0x0000113e                _Z13monthShortStrh
 .text._Z9breakTimemR12tmElements_t
                0x00001170      0x1ca D:\Users\death\DOCUME~1\GitHub\PROJEC~1\C__&AR~1\PCD\PCD\ARDUIN~1\Debug\libArduinoCore.a(Time.o)
                0x00001170                _Z9breakTimemR12tmElements_t
 .text._Z12refreshCachem
                0x0000133a       0x48 D:\Users\death\DOCUME~1\GitHub\PROJEC~1\C__&AR~1\PCD\PCD\ARDUIN~1\Debug\libArduinoCore.a(Time.o)
                0x0000133a                _Z12refreshCachem
 .text._Z4hourm
                0x00001382        0xc D:\Users\death\DOCUME~1\GitHub\PROJEC~1\C__&AR~1\PCD\PCD\ARDUIN~1\Debug\libArduinoCore.a(Time.o)
                0x00001382                _Z4hourm
 .text._Z6minutem
                0x0000138e        0xc D:\Users\death\DOCUME~1\GitHub\PROJEC~1\C__&AR~1\PCD\PCD\ARDUIN~1\Debug\libArduinoCore.a(Time.o)
                0x0000138e                _Z6minutem
 .text._Z6secondm
                0x0000139a        0xc D:\Users\death\DOCUME~1\GitHub\PROJEC~1\C__&AR~1\PCD\PCD\ARDUIN~1\Debug\libArduinoCore.a(Time.o)
                0x0000139a                _Z6secondm
 .text._Z3daym  0x000013a6        0xc D:\Users\death\DOCUME~1\GitHub\PROJEC~1\C__&AR~1\PCD\PCD\ARDUIN~1\Debug\libArduinoCore.a(Time.o)
                0x000013a6                _Z3daym
 .text._Z5monthm
                0x000013b2        0xc D:\Users\death\DOCUME~1\GitHub\PROJEC~1\C__&AR~1\PCD\PCD\ARDUIN~1\Debug\libArduinoCore.a(Time.o)
                0x000013b2                _Z5monthm
 .text._Z4yearm
                0x000013be       0x10 D:\Users\death\DOCUME~1\GitHub\PROJEC~1\C__&AR~1\PCD\PCD\ARDUIN~1\Debug\libArduinoCore.a(Time.o)
                0x000013be                _Z4yearm
 .text._Z8makeTimeR12tmElements_t
                0x000013ce      0x190 D:\Users\death\DOCUME~1\GitHub\PROJEC~1\C__&AR~1\PCD\PCD\ARDUIN~1\Debug\libArduinoCore.a(Time.o)
                0x000013ce                _Z8makeTimeR12tmElements_t
 .text._ZN7TwoWire9availableEv
                0x0000155e       0x10 D:\Users\death\DOCUME~1\GitHub\PROJEC~1\C__&AR~1\PCD\PCD\ARDUIN~1\Debug\libArduinoCore.a(Wire.o)
                0x0000155e                _ZN7TwoWire9availableEv
 .text._ZN7TwoWire4readEv
                0x0000156e       0x28 D:\Users\death\DOCUME~1\GitHub\PROJEC~1\C__&AR~1\PCD\PCD\ARDUIN~1\Debug\libArduinoCore.a(Wire.o)
                0x0000156e                _ZN7TwoWire4readEv
 .text._ZN7TwoWire4peekEv
                0x00001596       0x1e D:\Users\death\DOCUME~1\GitHub\PROJEC~1\C__&AR~1\PCD\PCD\ARDUIN~1\Debug\libArduinoCore.a(Wire.o)
                0x00001596                _ZN7TwoWire4peekEv
 .text._ZN7TwoWire5flushEv
                0x000015b4        0x2 D:\Users\death\DOCUME~1\GitHub\PROJEC~1\C__&AR~1\PCD\PCD\ARDUIN~1\Debug\libArduinoCore.a(Wire.o)
                0x000015b4                _ZN7TwoWire5flushEv
 .text._ZN7TwoWire5writeEPKhj
                0x000015b6       0x5a D:\Users\death\DOCUME~1\GitHub\PROJEC~1\C__&AR~1\PCD\PCD\ARDUIN~1\Debug\libArduinoCore.a(Wire.o)
                0x000015b6                _ZN7TwoWire5writeEPKhj
 .text._ZN7TwoWire5writeEh
                0x00001610       0x5e D:\Users\death\DOCUME~1\GitHub\PROJEC~1\C__&AR~1\PCD\PCD\ARDUIN~1\Debug\libArduinoCore.a(Wire.o)
                0x00001610                _ZN7TwoWire5writeEh
 .text._ZN7TwoWireC2Ev
                0x0000166e       0x20 D:\Users\death\DOCUME~1\GitHub\PROJEC~1\C__&AR~1\PCD\PCD\ARDUIN~1\Debug\libArduinoCore.a(Wire.o)
                0x0000166e                _ZN7TwoWireC1Ev
                0x0000166e                _ZN7TwoWireC2Ev
 .text._ZN7TwoWire5beginEv
                0x0000168e       0x14 D:\Users\death\DOCUME~1\GitHub\PROJEC~1\C__&AR~1\PCD\PCD\ARDUIN~1\Debug\libArduinoCore.a(Wire.o)
                0x0000168e                _ZN7TwoWire5beginEv
 .text._ZN7TwoWire17beginTransmissionEh
                0x000016a2       0x14 D:\Users\death\DOCUME~1\GitHub\PROJEC~1\C__&AR~1\PCD\PCD\ARDUIN~1\Debug\libArduinoCore.a(Wire.o)
                0x000016a2                _ZN7TwoWire17beginTransmissionEh
 .text._ZN7TwoWire17beginTransmissionEi
                0x000016b6        0x4 D:\Users\death\DOCUME~1\GitHub\PROJEC~1\C__&AR~1\PCD\PCD\ARDUIN~1\Debug\libArduinoCore.a(Wire.o)
                0x000016b6                _ZN7TwoWire17beginTransmissionEi
 .text._ZN7TwoWire15endTransmissionEh
                0x000016ba       0x26 D:\Users\death\DOCUME~1\GitHub\PROJEC~1\C__&AR~1\PCD\PCD\ARDUIN~1\Debug\libArduinoCore.a(Wire.o)
                0x000016ba                _ZN7TwoWire15endTransmissionEh
 .text._ZN7TwoWire11requestFromEhhmhh
                0x000016e0       0xa8 D:\Users\death\DOCUME~1\GitHub\PROJEC~1\C__&AR~1\PCD\PCD\ARDUIN~1\Debug\libArduinoCore.a(Wire.o)
                0x000016e0                _ZN7TwoWire11requestFromEhhmhh
 .text._ZN7TwoWire11requestFromEhhh
                0x00001788       0x20 D:\Users\death\DOCUME~1\GitHub\PROJEC~1\C__&AR~1\PCD\PCD\ARDUIN~1\Debug\libArduinoCore.a(Wire.o)
                0x00001788                _ZN7TwoWire11requestFromEhhh
 .text._ZN7TwoWire11requestFromEhh
                0x000017a8        0x6 D:\Users\death\DOCUME~1\GitHub\PROJEC~1\C__&AR~1\PCD\PCD\ARDUIN~1\Debug\libArduinoCore.a(Wire.o)
                0x000017a8                _ZN7TwoWire11requestFromEhh
 .text._ZN7TwoWire11requestFromEii
                0x000017ae        0x6 D:\Users\death\DOCUME~1\GitHub\PROJEC~1\C__&AR~1\PCD\PCD\ARDUIN~1\Debug\libArduinoCore.a(Wire.o)
                0x000017ae                _ZN7TwoWire11requestFromEii
 .text._ZN7TwoWire15endTransmissionEv
                0x000017b4        0x6 D:\Users\death\DOCUME~1\GitHub\PROJEC~1\C__&AR~1\PCD\PCD\ARDUIN~1\Debug\libArduinoCore.a(Wire.o)
                0x000017b4                _ZN7TwoWire15endTransmissionEv
 .text.startup._GLOBAL__sub_I__ZN7TwoWire8rxBufferE
                0x000017ba        0x8 D:\Users\death\DOCUME~1\GitHub\PROJEC~1\C__&AR~1\PCD\PCD\ARDUIN~1\Debug\libArduinoCore.a(Wire.o)
 .text.__empty  0x000017c2        0x2 D:\Users\death\DOCUME~1\GitHub\PROJEC~1\C__&AR~1\PCD\PCD\ARDUIN~1\Debug\libArduinoCore.a(hooks.o)
                0x000017c2                yield
 .text.twi_init
                0x000017c4       0x3c D:\Users\death\DOCUME~1\GitHub\PROJEC~1\C__&AR~1\PCD\PCD\ARDUIN~1\Debug\libArduinoCore.a(twi.o)
                0x000017c4                twi_init
 .text.twi_readFrom
                0x00001800       0x90 D:\Users\death\DOCUME~1\GitHub\PROJEC~1\C__&AR~1\PCD\PCD\ARDUIN~1\Debug\libArduinoCore.a(twi.o)
                0x00001800                twi_readFrom
 .text.twi_writeTo
                0x00001890       0xac D:\Users\death\DOCUME~1\GitHub\PROJEC~1\C__&AR~1\PCD\PCD\ARDUIN~1\Debug\libArduinoCore.a(twi.o)
                0x00001890                twi_writeTo
 .text.twi_transmit
                0x0000193c       0x50 D:\Users\death\DOCUME~1\GitHub\PROJEC~1\C__&AR~1\PCD\PCD\ARDUIN~1\Debug\libArduinoCore.a(twi.o)
                0x0000193c                twi_transmit
 .text.twi_stop
                0x0000198c       0x14 D:\Users\death\DOCUME~1\GitHub\PROJEC~1\C__&AR~1\PCD\PCD\ARDUIN~1\Debug\libArduinoCore.a(twi.o)
                0x0000198c                twi_stop
 .text.twi_releaseBus
                0x000019a0        0xc D:\Users\death\DOCUME~1\GitHub\PROJEC~1\C__&AR~1\PCD\PCD\ARDUIN~1\Debug\libArduinoCore.a(twi.o)
                0x000019a0                twi_releaseBus
 .text.__vector_24
                0x000019ac      0x25a D:\Users\death\DOCUME~1\GitHub\PROJEC~1\C__&AR~1\PCD\PCD\ARDUIN~1\Debug\libArduinoCore.a(twi.o)
                0x000019ac                __vector_24
 .text.turnOffPWM
                0x00001c06       0x52 D:\Users\death\DOCUME~1\GitHub\PROJEC~1\C__&AR~1\PCD\PCD\ARDUIN~1\Debug\libArduinoCore.a(wiring_digital.o)
 .text.digitalWrite
                0x00001c58       0x5e D:\Users\death\DOCUME~1\GitHub\PROJEC~1\C__&AR~1\PCD\PCD\ARDUIN~1\Debug\libArduinoCore.a(wiring_digital.o)
                0x00001c58                digitalWrite
 .text.libgcc.div
                0x00001cb6       0x28 d:/program files (x86)/atmel/studio/7.0/toolchain/avr8/avr8-gnu-toolchain/bin/../lib/gcc/avr/5.4.0/avr5\libgcc.a(_divmodhi4.o)
                0x00001cb6                _div
                0x00001cb6                __divmodhi4
 .text.libgcc.div
                0x00001cde       0x44 d:/program files (x86)/atmel/studio/7.0/toolchain/avr8/avr8-gnu-toolchain/bin/../lib/gcc/avr/5.4.0/avr5\libgcc.a(_udivmodsi4.o)
                0x00001cde                __udivmodsi4
 .text.libgcc.mul
                0x00001d22       0x1e d:/program files (x86)/atmel/studio/7.0/toolchain/avr8/avr8-gnu-toolchain/bin/../lib/gcc/avr/5.4.0/avr5\libgcc.a(_umulhisi3.o)
                0x00001d22                __umulhisi3
 .text.libgcc.mul
                0x00001d40       0x16 d:/program files (x86)/atmel/studio/7.0/toolchain/avr8/avr8-gnu-toolchain/bin/../lib/gcc/avr/5.4.0/avr5\libgcc.a(_muluhisi3.o)
                0x00001d40                __muluhisi3
 .text.libgcc.mul
                0x00001d56       0x10 d:/program files (x86)/atmel/studio/7.0/toolchain/avr8/avr8-gnu-toolchain/bin/../lib/gcc/avr/5.4.0/avr5\libgcc.a(_mulshisi3.o)
                0x00001d56                __mulshisi3
                0x00001d5c                __mulohisi3
 .text.libgcc.div
                0x00001d66       0x28 d:/program files (x86)/atmel/studio/7.0/toolchain/avr8/avr8-gnu-toolchain/bin/../lib/gcc/avr/5.4.0/avr5\libgcc.a(_udivmodhi4.o)
                0x00001d66                __udivmodhi4
 .text.libgcc   0x00001d8e        0xc d:/program files (x86)/atmel/studio/7.0/toolchain/avr8/avr8-gnu-toolchain/bin/../lib/gcc/avr/5.4.0/avr5\libgcc.a(_tablejump2.o)
                0x00001d8e                __tablejump2__
 .text.avr-libc
                0x00001d9a       0x10 D:/Program Files (x86)/Atmel/Studio/7.0/Packs/Atmel/ATmega_DFP/1.2.132/gcc/dev/atmega328p/avr5\libatmega328p.a(eerd_byte.o)
                0x00001d9a                eeprom_read_byte
                0x00001daa                . = ALIGN (0x2)
 *(.fini9)
 .fini9         0x00001daa        0x0 d:/program files (x86)/atmel/studio/7.0/toolchain/avr8/avr8-gnu-toolchain/bin/../lib/gcc/avr/5.4.0/avr5\libgcc.a(_exit.o)
                0x00001daa                _exit
                0x00001daa                exit
 *(.fini9)
 *(.fini8)
 *(.fini8)
 *(.fini7)
 *(.fini7)
 *(.fini6)
 *(.fini6)
 *(.fini5)
 *(.fini5)
 *(.fini4)
 *(.fini4)
 *(.fini3)
 *(.fini3)
 *(.fini2)
 *(.fini2)
 *(.fini1)
 *(.fini1)
 *(.fini0)
 .fini0         0x00001daa        0x4 d:/program files (x86)/atmel/studio/7.0/toolchain/avr8/avr8-gnu-toolchain/bin/../lib/gcc/avr/5.4.0/avr5\libgcc.a(_exit.o)
 *(.fini0)
                0x00001dae                _etext = .

.data           0x00800100       0x72 load address 0x00001dae
                0x00800100                PROVIDE (__data_start, .)
 *(.data)
 *(.data*)
 .data.alarm2_addr
                0x00800100        0x1 Main.o
                0x00800100                alarm2_addr
 .data.intFunc  0x00800101        0x4 D:\Users\death\DOCUME~1\GitHub\PROJEC~1\C__&AR~1\PCD\PCD\ARDUIN~1\Debug\libArduinoCore.a(WInterrupts.o)
 *(.rodata)
 *(.rodata*)
 .rodata.str1.1
                0x00800105       0x30 Main.o
                                 0x33 (size before relaxing)
 .rodata._ZTV14HardwareSerial
                0x00800135       0x10 D:\Users\death\DOCUME~1\GitHub\PROJEC~1\C__&AR~1\PCD\PCD\ARDUIN~1\Debug\libArduinoCore.a(HardwareSerial.o)
                0x00800135                _ZTV14HardwareSerial
 .rodata.str1.1
                0x00800145       0x11 D:\Users\death\DOCUME~1\GitHub\PROJEC~1\C__&AR~1\PCD\PCD\ARDUIN~1\Debug\libArduinoCore.a(Print.o)
 .rodata._ZL9monthDays
                0x00800156        0xc D:\Users\death\DOCUME~1\GitHub\PROJEC~1\C__&AR~1\PCD\PCD\ARDUIN~1\Debug\libArduinoCore.a(Time.o)
 .rodata._ZTV7TwoWire
                0x00800162       0x10 D:\Users\death\DOCUME~1\GitHub\PROJEC~1\C__&AR~1\PCD\PCD\ARDUIN~1\Debug\libArduinoCore.a(Wire.o)
                0x00800162                _ZTV7TwoWire
 *(.gnu.linkonce.d*)
                0x00800172                . = ALIGN (0x2)
                0x00800172                _edata = .
                0x00800172                PROVIDE (__data_end, .)

.bss            0x00800172      0x18e
                0x00800172                PROVIDE (__bss_start, .)
 *(.bss)
 *(.bss*)
 .bss.HMI       0x00800172        0x1 Main.o
                0x00800172                HMI
 .bss.RTC_alarm
                0x00800173        0xe Main.o
                0x00800173                RTC_alarm
 .bss.alarm1_addr
                0x00800181        0x1 Main.o
                0x00800181                alarm1_addr
 .bss.alarmIsrWasCalled
                0x00800182        0x1 Main.o
                0x00800182                alarmIsrWasCalled
 .bss.Serial    0x00800183       0x9d D:\Users\death\DOCUME~1\GitHub\PROJEC~1\C__&AR~1\PCD\PCD\ARDUIN~1\Debug\libArduinoCore.a(HardwareSerial0.o)
                0x00800183                Serial
 .bss.timer0_fract
                0x00800220        0x1 D:\Users\death\DOCUME~1\GitHub\PROJEC~1\C__&AR~1\PCD\PCD\ARDUIN~1\Debug\libArduinoCore.a(wiring.o)
 .bss.timer0_millis
                0x00800221        0x4 D:\Users\death\DOCUME~1\GitHub\PROJEC~1\C__&AR~1\PCD\PCD\ARDUIN~1\Debug\libArduinoCore.a(wiring.o)
                0x00800221                timer0_millis
 .bss.timer0_overflow_count
                0x00800225        0x4 D:\Users\death\DOCUME~1\GitHub\PROJEC~1\C__&AR~1\PCD\PCD\ARDUIN~1\Debug\libArduinoCore.a(wiring.o)
                0x00800225                timer0_overflow_count
 .bss.RTC       0x00800229        0x1 D:\Users\death\DOCUME~1\GitHub\PROJEC~1\C__&AR~1\PCD\PCD\ARDUIN~1\Debug\libArduinoCore.a(DS3232RTC.o)
                0x00800229                RTC
 .bss._ZN9DS3232RTC7errCodeE
                0x0080022a        0x1 D:\Users\death\DOCUME~1\GitHub\PROJEC~1\C__&AR~1\PCD\PCD\ARDUIN~1\Debug\libArduinoCore.a(DS3232RTC.o)
                0x0080022a                _ZN9DS3232RTC7errCodeE
 .bss._ZL6buffer
                0x0080022b        0xa D:\Users\death\DOCUME~1\GitHub\PROJEC~1\C__&AR~1\PCD\PCD\ARDUIN~1\Debug\libArduinoCore.a(DateStrings.o)
 .bss._ZL9cacheTime
                0x00800235        0x4 D:\Users\death\DOCUME~1\GitHub\PROJEC~1\C__&AR~1\PCD\PCD\ARDUIN~1\Debug\libArduinoCore.a(Time.o)
 .bss._ZL2tm    0x00800239        0x7 D:\Users\death\DOCUME~1\GitHub\PROJEC~1\C__&AR~1\PCD\PCD\ARDUIN~1\Debug\libArduinoCore.a(Time.o)
 .bss.Wire      0x00800240        0xc D:\Users\death\DOCUME~1\GitHub\PROJEC~1\C__&AR~1\PCD\PCD\ARDUIN~1\Debug\libArduinoCore.a(Wire.o)
                0x00800240                Wire
 .bss._ZN7TwoWire12transmittingE
                0x0080024c        0x1 D:\Users\death\DOCUME~1\GitHub\PROJEC~1\C__&AR~1\PCD\PCD\ARDUIN~1\Debug\libArduinoCore.a(Wire.o)
                0x0080024c                _ZN7TwoWire12transmittingE
 .bss._ZN7TwoWire14txBufferLengthE
                0x0080024d        0x1 D:\Users\death\DOCUME~1\GitHub\PROJEC~1\C__&AR~1\PCD\PCD\ARDUIN~1\Debug\libArduinoCore.a(Wire.o)
                0x0080024d                _ZN7TwoWire14txBufferLengthE
 .bss._ZN7TwoWire13txBufferIndexE
                0x0080024e        0x1 D:\Users\death\DOCUME~1\GitHub\PROJEC~1\C__&AR~1\PCD\PCD\ARDUIN~1\Debug\libArduinoCore.a(Wire.o)
                0x0080024e                _ZN7TwoWire13txBufferIndexE
 .bss._ZN7TwoWire8txBufferE
                0x0080024f       0x20 D:\Users\death\DOCUME~1\GitHub\PROJEC~1\C__&AR~1\PCD\PCD\ARDUIN~1\Debug\libArduinoCore.a(Wire.o)
                0x0080024f                _ZN7TwoWire8txBufferE
 .bss._ZN7TwoWire9txAddressE
                0x0080026f        0x1 D:\Users\death\DOCUME~1\GitHub\PROJEC~1\C__&AR~1\PCD\PCD\ARDUIN~1\Debug\libArduinoCore.a(Wire.o)
                0x0080026f                _ZN7TwoWire9txAddressE
 .bss._ZN7TwoWire14rxBufferLengthE
                0x00800270        0x1 D:\Users\death\DOCUME~1\GitHub\PROJEC~1\C__&AR~1\PCD\PCD\ARDUIN~1\Debug\libArduinoCore.a(Wire.o)
                0x00800270                _ZN7TwoWire14rxBufferLengthE
 .bss._ZN7TwoWire13rxBufferIndexE
                0x00800271        0x1 D:\Users\death\DOCUME~1\GitHub\PROJEC~1\C__&AR~1\PCD\PCD\ARDUIN~1\Debug\libArduinoCore.a(Wire.o)
                0x00800271                _ZN7TwoWire13rxBufferIndexE
 .bss._ZN7TwoWire8rxBufferE
                0x00800272       0x20 D:\Users\death\DOCUME~1\GitHub\PROJEC~1\C__&AR~1\PCD\PCD\ARDUIN~1\Debug\libArduinoCore.a(Wire.o)
                0x00800272                _ZN7TwoWire8rxBufferE
 .bss.twi_error
                0x00800292        0x1 D:\Users\death\DOCUME~1\GitHub\PROJEC~1\C__&AR~1\PCD\PCD\ARDUIN~1\Debug\libArduinoCore.a(twi.o)
 .bss.twi_rxBufferIndex
                0x00800293        0x1 D:\Users\death\DOCUME~1\GitHub\PROJEC~1\C__&AR~1\PCD\PCD\ARDUIN~1\Debug\libArduinoCore.a(twi.o)
 .bss.twi_rxBuffer
                0x00800294       0x20 D:\Users\death\DOCUME~1\GitHub\PROJEC~1\C__&AR~1\PCD\PCD\ARDUIN~1\Debug\libArduinoCore.a(twi.o)
 .bss.twi_txBufferLength
                0x008002b4        0x1 D:\Users\death\DOCUME~1\GitHub\PROJEC~1\C__&AR~1\PCD\PCD\ARDUIN~1\Debug\libArduinoCore.a(twi.o)
 .bss.twi_txBufferIndex
                0x008002b5        0x1 D:\Users\death\DOCUME~1\GitHub\PROJEC~1\C__&AR~1\PCD\PCD\ARDUIN~1\Debug\libArduinoCore.a(twi.o)
 .bss.twi_txBuffer
                0x008002b6       0x20 D:\Users\death\DOCUME~1\GitHub\PROJEC~1\C__&AR~1\PCD\PCD\ARDUIN~1\Debug\libArduinoCore.a(twi.o)
 .bss.twi_masterBufferLength
                0x008002d6        0x1 D:\Users\death\DOCUME~1\GitHub\PROJEC~1\C__&AR~1\PCD\PCD\ARDUIN~1\Debug\libArduinoCore.a(twi.o)
 .bss.twi_masterBufferIndex
                0x008002d7        0x1 D:\Users\death\DOCUME~1\GitHub\PROJEC~1\C__&AR~1\PCD\PCD\ARDUIN~1\Debug\libArduinoCore.a(twi.o)
 .bss.twi_masterBuffer
                0x008002d8       0x20 D:\Users\death\DOCUME~1\GitHub\PROJEC~1\C__&AR~1\PCD\PCD\ARDUIN~1\Debug\libArduinoCore.a(twi.o)
 .bss.twi_onSlaveReceive
                0x008002f8        0x2 D:\Users\death\DOCUME~1\GitHub\PROJEC~1\C__&AR~1\PCD\PCD\ARDUIN~1\Debug\libArduinoCore.a(twi.o)
 .bss.twi_onSlaveTransmit
                0x008002fa        0x2 D:\Users\death\DOCUME~1\GitHub\PROJEC~1\C__&AR~1\PCD\PCD\ARDUIN~1\Debug\libArduinoCore.a(twi.o)
 .bss.twi_inRepStart
                0x008002fc        0x1 D:\Users\death\DOCUME~1\GitHub\PROJEC~1\C__&AR~1\PCD\PCD\ARDUIN~1\Debug\libArduinoCore.a(twi.o)
 .bss.twi_sendStop
                0x008002fd        0x1 D:\Users\death\DOCUME~1\GitHub\PROJEC~1\C__&AR~1\PCD\PCD\ARDUIN~1\Debug\libArduinoCore.a(twi.o)
 .bss.twi_slarw
                0x008002fe        0x1 D:\Users\death\DOCUME~1\GitHub\PROJEC~1\C__&AR~1\PCD\PCD\ARDUIN~1\Debug\libArduinoCore.a(twi.o)
 .bss.twi_state
                0x008002ff        0x1 D:\Users\death\DOCUME~1\GitHub\PROJEC~1\C__&AR~1\PCD\PCD\ARDUIN~1\Debug\libArduinoCore.a(twi.o)
 *(COMMON)
                0x00800300                PROVIDE (__bss_end, .)
                0x00001dae                __data_load_start = LOADADDR (.data)
                0x00001e20                __data_load_end = (__data_load_start + SIZEOF (.data))

.noinit         0x00800300        0x0
                [!provide]                PROVIDE (__noinit_start, .)
 *(.noinit*)
                [!provide]                PROVIDE (__noinit_end, .)
                0x00800300                _end = .
                [!provide]                PROVIDE (__heap_start, .)

.eeprom         0x00810000        0x0
 *(.eeprom*)
                0x00810000                __eeprom_end = .

.fuse
 *(.fuse)
 *(.lfuse)
 *(.hfuse)
 *(.efuse)

.lock
 *(.lock*)

.signature
 *(.signature*)

.user_signatures
 *(.user_signatures*)

.stab
 *(.stab)

.stabstr
 *(.stabstr)

.stab.excl
 *(.stab.excl)

.stab.exclstr
 *(.stab.exclstr)

.stab.index
 *(.stab.index)

.stab.indexstr
 *(.stab.indexstr)

.comment        0x00000000       0x30
 *(.comment)
 .comment       0x00000000       0x30 Main.o
                                 0x31 (size before relaxing)
 .comment       0x00000030       0x31 D:\Users\death\DOCUME~1\GitHub\PROJEC~1\C__&AR~1\PCD\PCD\ARDUIN~1\Debug\libArduinoCore.a(HardwareSerial.o)
 .comment       0x00000030       0x31 D:\Users\death\DOCUME~1\GitHub\PROJEC~1\C__&AR~1\PCD\PCD\ARDUIN~1\Debug\libArduinoCore.a(HardwareSerial0.o)
 .comment       0x00000030       0x31 D:\Users\death\DOCUME~1\GitHub\PROJEC~1\C__&AR~1\PCD\PCD\ARDUIN~1\Debug\libArduinoCore.a(Print.o)
 .comment       0x00000030       0x31 D:\Users\death\DOCUME~1\GitHub\PROJEC~1\C__&AR~1\PCD\PCD\ARDUIN~1\Debug\libArduinoCore.a(WInterrupts.o)
 .comment       0x00000030       0x31 D:\Users\death\DOCUME~1\GitHub\PROJEC~1\C__&AR~1\PCD\PCD\ARDUIN~1\Debug\libArduinoCore.a(wiring.o)
 .comment       0x00000030       0x31 D:\Users\death\DOCUME~1\GitHub\PROJEC~1\C__&AR~1\PCD\PCD\ARDUIN~1\Debug\libArduinoCore.a(DS3232RTC.o)
 .comment       0x00000030       0x31 D:\Users\death\DOCUME~1\GitHub\PROJEC~1\C__&AR~1\PCD\PCD\ARDUIN~1\Debug\libArduinoCore.a(DateStrings.o)
 .comment       0x00000030       0x31 D:\Users\death\DOCUME~1\GitHub\PROJEC~1\C__&AR~1\PCD\PCD\ARDUIN~1\Debug\libArduinoCore.a(Time.o)
 .comment       0x00000030       0x31 D:\Users\death\DOCUME~1\GitHub\PROJEC~1\C__&AR~1\PCD\PCD\ARDUIN~1\Debug\libArduinoCore.a(Wire.o)
 .comment       0x00000030       0x31 D:\Users\death\DOCUME~1\GitHub\PROJEC~1\C__&AR~1\PCD\PCD\ARDUIN~1\Debug\libArduinoCore.a(hooks.o)
 .comment       0x00000030       0x31 D:\Users\death\DOCUME~1\GitHub\PROJEC~1\C__&AR~1\PCD\PCD\ARDUIN~1\Debug\libArduinoCore.a(twi.o)
 .comment       0x00000030       0x31 D:\Users\death\DOCUME~1\GitHub\PROJEC~1\C__&AR~1\PCD\PCD\ARDUIN~1\Debug\libArduinoCore.a(wiring_digital.o)

.note.gnu.avr.deviceinfo
                0x00000000       0x40
 .note.gnu.avr.deviceinfo
                0x00000000       0x40 D:/Program Files (x86)/Atmel/Studio/7.0/Packs/Atmel/ATmega_DFP/1.2.132/gcc/dev/atmega328p/avr5/crtatmega328p.o

.note.gnu.build-id
 *(.note.gnu.build-id)

.debug
 *(.debug)

.line
 *(.line)

.debug_srcinfo
 *(.debug_srcinfo)

.debug_sfnames
 *(.debug_sfnames)

.debug_aranges  0x00000000      0x680
 *(.debug_aranges)
 .debug_aranges
                0x00000000       0x98 Main.o
 .debug_aranges
                0x00000098       0x68 D:\Users\death\DOCUME~1\GitHub\PROJEC~1\C__&AR~1\PCD\PCD\ARDUIN~1\Debug\libArduinoCore.a(HardwareSerial.o)
 .debug_aranges
                0x00000100       0x38 D:\Users\death\DOCUME~1\GitHub\PROJEC~1\C__&AR~1\PCD\PCD\ARDUIN~1\Debug\libArduinoCore.a(HardwareSerial0.o)
 .debug_aranges
                0x00000138       0xf0 D:\Users\death\DOCUME~1\GitHub\PROJEC~1\C__&AR~1\PCD\PCD\ARDUIN~1\Debug\libArduinoCore.a(Print.o)
 .debug_aranges
                0x00000228       0x40 D:\Users\death\DOCUME~1\GitHub\PROJEC~1\C__&AR~1\PCD\PCD\ARDUIN~1\Debug\libArduinoCore.a(WInterrupts.o)
 .debug_aranges
                0x00000268       0x48 D:\Users\death\DOCUME~1\GitHub\PROJEC~1\C__&AR~1\PCD\PCD\ARDUIN~1\Debug\libArduinoCore.a(wiring.o)
 .debug_aranges
                0x000002b0       0xb0 D:\Users\death\DOCUME~1\GitHub\PROJEC~1\C__&AR~1\PCD\PCD\ARDUIN~1\Debug\libArduinoCore.a(DS3232RTC.o)
 .debug_aranges
                0x00000360       0x38 D:\Users\death\DOCUME~1\GitHub\PROJEC~1\C__&AR~1\PCD\PCD\ARDUIN~1\Debug\libArduinoCore.a(DateStrings.o)
 .debug_aranges
                0x00000398      0x108 D:\Users\death\DOCUME~1\GitHub\PROJEC~1\C__&AR~1\PCD\PCD\ARDUIN~1\Debug\libArduinoCore.a(Time.o)
 .debug_aranges
                0x000004a0       0xe8 D:\Users\death\DOCUME~1\GitHub\PROJEC~1\C__&AR~1\PCD\PCD\ARDUIN~1\Debug\libArduinoCore.a(Wire.o)
 .debug_aranges
                0x00000588       0x20 D:\Users\death\DOCUME~1\GitHub\PROJEC~1\C__&AR~1\PCD\PCD\ARDUIN~1\Debug\libArduinoCore.a(hooks.o)
 .debug_aranges
                0x000005a8       0x80 D:\Users\death\DOCUME~1\GitHub\PROJEC~1\C__&AR~1\PCD\PCD\ARDUIN~1\Debug\libArduinoCore.a(twi.o)
 .debug_aranges
                0x00000628       0x38 D:\Users\death\DOCUME~1\GitHub\PROJEC~1\C__&AR~1\PCD\PCD\ARDUIN~1\Debug\libArduinoCore.a(wiring_digital.o)
 .debug_aranges
                0x00000660       0x20 D:/Program Files (x86)/Atmel/Studio/7.0/Packs/Atmel/ATmega_DFP/1.2.132/gcc/dev/atmega328p/avr5\libatmega328p.a(eerd_byte.o)

.debug_pubnames
 *(.debug_pubnames)

.debug_info     0x00000000     0xe14a
 *(.debug_info .gnu.linkonce.wi.*)
 .debug_info    0x00000000      0x5f4 D:/Program Files (x86)/Atmel/Studio/7.0/Packs/Atmel/ATmega_DFP/1.2.132/gcc/dev/atmega328p/avr5/crtatmega328p.o
 .debug_info    0x000005f4     0x1da4 Main.o
 .debug_info    0x00002398     0x1de5 D:\Users\death\DOCUME~1\GitHub\PROJEC~1\C__&AR~1\PCD\PCD\ARDUIN~1\Debug\libArduinoCore.a(HardwareSerial.o)
 .debug_info    0x0000417d     0x19d9 D:\Users\death\DOCUME~1\GitHub\PROJEC~1\C__&AR~1\PCD\PCD\ARDUIN~1\Debug\libArduinoCore.a(HardwareSerial0.o)
 .debug_info    0x00005b56     0x27e4 D:\Users\death\DOCUME~1\GitHub\PROJEC~1\C__&AR~1\PCD\PCD\ARDUIN~1\Debug\libArduinoCore.a(Print.o)
 .debug_info    0x0000833a      0x21c D:\Users\death\DOCUME~1\GitHub\PROJEC~1\C__&AR~1\PCD\PCD\ARDUIN~1\Debug\libArduinoCore.a(WInterrupts.o)
 .debug_info    0x00008556      0x2cb D:\Users\death\DOCUME~1\GitHub\PROJEC~1\C__&AR~1\PCD\PCD\ARDUIN~1\Debug\libArduinoCore.a(wiring.o)
 .debug_info    0x00008821     0x13b9 D:\Users\death\DOCUME~1\GitHub\PROJEC~1\C__&AR~1\PCD\PCD\ARDUIN~1\Debug\libArduinoCore.a(DS3232RTC.o)
 .debug_info    0x00009bda      0x582 D:\Users\death\DOCUME~1\GitHub\PROJEC~1\C__&AR~1\PCD\PCD\ARDUIN~1\Debug\libArduinoCore.a(DateStrings.o)
 .debug_info    0x0000a15c      0xc8b D:\Users\death\DOCUME~1\GitHub\PROJEC~1\C__&AR~1\PCD\PCD\ARDUIN~1\Debug\libArduinoCore.a(Time.o)
 .debug_info    0x0000ade7     0x2677 D:\Users\death\DOCUME~1\GitHub\PROJEC~1\C__&AR~1\PCD\PCD\ARDUIN~1\Debug\libArduinoCore.a(Wire.o)
 .debug_info    0x0000d45e       0x3e D:\Users\death\DOCUME~1\GitHub\PROJEC~1\C__&AR~1\PCD\PCD\ARDUIN~1\Debug\libArduinoCore.a(hooks.o)
 .debug_info    0x0000d49c      0x604 D:\Users\death\DOCUME~1\GitHub\PROJEC~1\C__&AR~1\PCD\PCD\ARDUIN~1\Debug\libArduinoCore.a(twi.o)
 .debug_info    0x0000daa0      0x5fe D:\Users\death\DOCUME~1\GitHub\PROJEC~1\C__&AR~1\PCD\PCD\ARDUIN~1\Debug\libArduinoCore.a(wiring_digital.o)
 .debug_info    0x0000e09e       0xac D:/Program Files (x86)/Atmel/Studio/7.0/Packs/Atmel/ATmega_DFP/1.2.132/gcc/dev/atmega328p/avr5\libatmega328p.a(eerd_byte.o)

.debug_abbrev   0x00000000     0x2bad
 *(.debug_abbrev)
 .debug_abbrev  0x00000000      0x5a2 D:/Program Files (x86)/Atmel/Studio/7.0/Packs/Atmel/ATmega_DFP/1.2.132/gcc/dev/atmega328p/avr5/crtatmega328p.o
 .debug_abbrev  0x000005a2      0x515 Main.o
 .debug_abbrev  0x00000ab7      0x41a D:\Users\death\DOCUME~1\GitHub\PROJEC~1\C__&AR~1\PCD\PCD\ARDUIN~1\Debug\libArduinoCore.a(HardwareSerial.o)
 .debug_abbrev  0x00000ed1      0x38a D:\Users\death\DOCUME~1\GitHub\PROJEC~1\C__&AR~1\PCD\PCD\ARDUIN~1\Debug\libArduinoCore.a(HardwareSerial0.o)
 .debug_abbrev  0x0000125b      0x451 D:\Users\death\DOCUME~1\GitHub\PROJEC~1\C__&AR~1\PCD\PCD\ARDUIN~1\Debug\libArduinoCore.a(Print.o)
 .debug_abbrev  0x000016ac       0xfc D:\Users\death\DOCUME~1\GitHub\PROJEC~1\C__&AR~1\PCD\PCD\ARDUIN~1\Debug\libArduinoCore.a(WInterrupts.o)
 .debug_abbrev  0x000017a8      0x146 D:\Users\death\DOCUME~1\GitHub\PROJEC~1\C__&AR~1\PCD\PCD\ARDUIN~1\Debug\libArduinoCore.a(wiring.o)
 .debug_abbrev  0x000018ee      0x4de D:\Users\death\DOCUME~1\GitHub\PROJEC~1\C__&AR~1\PCD\PCD\ARDUIN~1\Debug\libArduinoCore.a(DS3232RTC.o)
 .debug_abbrev  0x00001dcc      0x107 D:\Users\death\DOCUME~1\GitHub\PROJEC~1\C__&AR~1\PCD\PCD\ARDUIN~1\Debug\libArduinoCore.a(DateStrings.o)
 .debug_abbrev  0x00001ed3      0x376 D:\Users\death\DOCUME~1\GitHub\PROJEC~1\C__&AR~1\PCD\PCD\ARDUIN~1\Debug\libArduinoCore.a(Time.o)
 .debug_abbrev  0x00002249      0x56b D:\Users\death\DOCUME~1\GitHub\PROJEC~1\C__&AR~1\PCD\PCD\ARDUIN~1\Debug\libArduinoCore.a(Wire.o)
 .debug_abbrev  0x000027b4       0x2a D:\Users\death\DOCUME~1\GitHub\PROJEC~1\C__&AR~1\PCD\PCD\ARDUIN~1\Debug\libArduinoCore.a(hooks.o)
 .debug_abbrev  0x000027de      0x260 D:\Users\death\DOCUME~1\GitHub\PROJEC~1\C__&AR~1\PCD\PCD\ARDUIN~1\Debug\libArduinoCore.a(twi.o)
 .debug_abbrev  0x00002a3e      0x15b D:\Users\death\DOCUME~1\GitHub\PROJEC~1\C__&AR~1\PCD\PCD\ARDUIN~1\Debug\libArduinoCore.a(wiring_digital.o)
 .debug_abbrev  0x00002b99       0x14 D:/Program Files (x86)/Atmel/Studio/7.0/Packs/Atmel/ATmega_DFP/1.2.132/gcc/dev/atmega328p/avr5\libatmega328p.a(eerd_byte.o)

.debug_line     0x00000000     0x37d8
 *(.debug_line .debug_line.* .debug_line_end)
 .debug_line    0x00000000      0x133 D:/Program Files (x86)/Atmel/Studio/7.0/Packs/Atmel/ATmega_DFP/1.2.132/gcc/dev/atmega328p/avr5/crtatmega328p.o
 .debug_line    0x00000133      0x85c Main.o
 .debug_line    0x0000098f      0x43b D:\Users\death\DOCUME~1\GitHub\PROJEC~1\C__&AR~1\PCD\PCD\ARDUIN~1\Debug\libArduinoCore.a(HardwareSerial.o)
 .debug_line    0x00000dca      0x26c D:\Users\death\DOCUME~1\GitHub\PROJEC~1\C__&AR~1\PCD\PCD\ARDUIN~1\Debug\libArduinoCore.a(HardwareSerial0.o)
 .debug_line    0x00001036      0x643 D:\Users\death\DOCUME~1\GitHub\PROJEC~1\C__&AR~1\PCD\PCD\ARDUIN~1\Debug\libArduinoCore.a(Print.o)
 .debug_line    0x00001679      0x1b5 D:\Users\death\DOCUME~1\GitHub\PROJEC~1\C__&AR~1\PCD\PCD\ARDUIN~1\Debug\libArduinoCore.a(WInterrupts.o)
 .debug_line    0x0000182e      0x2ae D:\Users\death\DOCUME~1\GitHub\PROJEC~1\C__&AR~1\PCD\PCD\ARDUIN~1\Debug\libArduinoCore.a(wiring.o)
 .debug_line    0x00001adc      0x61d D:\Users\death\DOCUME~1\GitHub\PROJEC~1\C__&AR~1\PCD\PCD\ARDUIN~1\Debug\libArduinoCore.a(DS3232RTC.o)
 .debug_line    0x000020f9      0x1c9 D:\Users\death\DOCUME~1\GitHub\PROJEC~1\C__&AR~1\PCD\PCD\ARDUIN~1\Debug\libArduinoCore.a(DateStrings.o)
 .debug_line    0x000022c2      0x759 D:\Users\death\DOCUME~1\GitHub\PROJEC~1\C__&AR~1\PCD\PCD\ARDUIN~1\Debug\libArduinoCore.a(Time.o)
 .debug_line    0x00002a1b      0x591 D:\Users\death\DOCUME~1\GitHub\PROJEC~1\C__&AR~1\PCD\PCD\ARDUIN~1\Debug\libArduinoCore.a(Wire.o)
 .debug_line    0x00002fac       0x41 D:\Users\death\DOCUME~1\GitHub\PROJEC~1\C__&AR~1\PCD\PCD\ARDUIN~1\Debug\libArduinoCore.a(hooks.o)
 .debug_line    0x00002fed      0x50a D:\Users\death\DOCUME~1\GitHub\PROJEC~1\C__&AR~1\PCD\PCD\ARDUIN~1\Debug\libArduinoCore.a(twi.o)
 .debug_line    0x000034f7      0x267 D:\Users\death\DOCUME~1\GitHub\PROJEC~1\C__&AR~1\PCD\PCD\ARDUIN~1\Debug\libArduinoCore.a(wiring_digital.o)
 .debug_line    0x0000375e       0x7a D:/Program Files (x86)/Atmel/Studio/7.0/Packs/Atmel/ATmega_DFP/1.2.132/gcc/dev/atmega328p/avr5\libatmega328p.a(eerd_byte.o)

.debug_frame    0x00000000     0x1368
 *(.debug_frame)
 .debug_frame   0x00000000      0x25c Main.o
 .debug_frame   0x0000025c      0x110 D:\Users\death\DOCUME~1\GitHub\PROJEC~1\C__&AR~1\PCD\PCD\ARDUIN~1\Debug\libArduinoCore.a(HardwareSerial.o)
 .debug_frame   0x0000036c       0xc0 D:\Users\death\DOCUME~1\GitHub\PROJEC~1\C__&AR~1\PCD\PCD\ARDUIN~1\Debug\libArduinoCore.a(HardwareSerial0.o)
 .debug_frame   0x0000042c      0x38c D:\Users\death\DOCUME~1\GitHub\PROJEC~1\C__&AR~1\PCD\PCD\ARDUIN~1\Debug\libArduinoCore.a(Print.o)
 .debug_frame   0x000007b8       0xf4 D:\Users\death\DOCUME~1\GitHub\PROJEC~1\C__&AR~1\PCD\PCD\ARDUIN~1\Debug\libArduinoCore.a(WInterrupts.o)
 .debug_frame   0x000008ac       0xc4 D:\Users\death\DOCUME~1\GitHub\PROJEC~1\C__&AR~1\PCD\PCD\ARDUIN~1\Debug\libArduinoCore.a(wiring.o)
 .debug_frame   0x00000970      0x278 D:\Users\death\DOCUME~1\GitHub\PROJEC~1\C__&AR~1\PCD\PCD\ARDUIN~1\Debug\libArduinoCore.a(DS3232RTC.o)
 .debug_frame   0x00000be8       0x54 D:\Users\death\DOCUME~1\GitHub\PROJEC~1\C__&AR~1\PCD\PCD\ARDUIN~1\Debug\libArduinoCore.a(DateStrings.o)
 .debug_frame   0x00000c3c      0x2f4 D:\Users\death\DOCUME~1\GitHub\PROJEC~1\C__&AR~1\PCD\PCD\ARDUIN~1\Debug\libArduinoCore.a(Time.o)
 .debug_frame   0x00000f30      0x264 D:\Users\death\DOCUME~1\GitHub\PROJEC~1\C__&AR~1\PCD\PCD\ARDUIN~1\Debug\libArduinoCore.a(Wire.o)
 .debug_frame   0x00001194       0x24 D:\Users\death\DOCUME~1\GitHub\PROJEC~1\C__&AR~1\PCD\PCD\ARDUIN~1\Debug\libArduinoCore.a(hooks.o)
 .debug_frame   0x000011b8      0x134 D:\Users\death\DOCUME~1\GitHub\PROJEC~1\C__&AR~1\PCD\PCD\ARDUIN~1\Debug\libArduinoCore.a(twi.o)
 .debug_frame   0x000012ec       0x7c D:\Users\death\DOCUME~1\GitHub\PROJEC~1\C__&AR~1\PCD\PCD\ARDUIN~1\Debug\libArduinoCore.a(wiring_digital.o)

.debug_str      0x00000000     0x33b2
 *(.debug_str)
 .debug_str     0x00000000      0x208 D:/Program Files (x86)/Atmel/Studio/7.0/Packs/Atmel/ATmega_DFP/1.2.132/gcc/dev/atmega328p/avr5/crtatmega328p.o
 .debug_str     0x00000208      0xc37 Main.o
                                0xd12 (size before relaxing)
 .debug_str     0x00000e3f     0x128f D:\Users\death\DOCUME~1\GitHub\PROJEC~1\C__&AR~1\PCD\PCD\ARDUIN~1\Debug\libArduinoCore.a(HardwareSerial.o)
                               0x1581 (size before relaxing)
 .debug_str     0x000020ce       0x55 D:\Users\death\DOCUME~1\GitHub\PROJEC~1\C__&AR~1\PCD\PCD\ARDUIN~1\Debug\libArduinoCore.a(HardwareSerial0.o)
                               0x1354 (size before relaxing)
 .debug_str     0x00002123      0x379 D:\Users\death\DOCUME~1\GitHub\PROJEC~1\C__&AR~1\PCD\PCD\ARDUIN~1\Debug\libArduinoCore.a(Print.o)
                               0x1199 (size before relaxing)
 .debug_str     0x0000249c      0x14b D:\Users\death\DOCUME~1\GitHub\PROJEC~1\C__&AR~1\PCD\PCD\ARDUIN~1\Debug\libArduinoCore.a(WInterrupts.o)
                                0x247 (size before relaxing)
 .debug_str     0x000025e7       0x88 D:\Users\death\DOCUME~1\GitHub\PROJEC~1\C__&AR~1\PCD\PCD\ARDUIN~1\Debug\libArduinoCore.a(wiring.o)
                                0x25a (size before relaxing)
 .debug_str     0x0000266f      0x23f D:\Users\death\DOCUME~1\GitHub\PROJEC~1\C__&AR~1\PCD\PCD\ARDUIN~1\Debug\libArduinoCore.a(DS3232RTC.o)
                                0x979 (size before relaxing)
 .debug_str     0x000028ae      0x173 D:\Users\death\DOCUME~1\GitHub\PROJEC~1\C__&AR~1\PCD\PCD\ARDUIN~1\Debug\libArduinoCore.a(DateStrings.o)
                                0x3a7 (size before relaxing)
 .debug_str     0x00002a21      0x278 D:\Users\death\DOCUME~1\GitHub\PROJEC~1\C__&AR~1\PCD\PCD\ARDUIN~1\Debug\libArduinoCore.a(Time.o)
                                0x5f5 (size before relaxing)
 .debug_str     0x00002c99      0x4d5 D:\Users\death\DOCUME~1\GitHub\PROJEC~1\C__&AR~1\PCD\PCD\ARDUIN~1\Debug\libArduinoCore.a(Wire.o)
                               0x1813 (size before relaxing)
 .debug_str     0x0000316e       0x1c D:\Users\death\DOCUME~1\GitHub\PROJEC~1\C__&AR~1\PCD\PCD\ARDUIN~1\Debug\libArduinoCore.a(hooks.o)
                                0x14f (size before relaxing)
 .debug_str     0x0000318a      0x15e D:\Users\death\DOCUME~1\GitHub\PROJEC~1\C__&AR~1\PCD\PCD\ARDUIN~1\Debug\libArduinoCore.a(twi.o)
                                0x3da (size before relaxing)
 .debug_str     0x000032e8       0xca D:\Users\death\DOCUME~1\GitHub\PROJEC~1\C__&AR~1\PCD\PCD\ARDUIN~1\Debug\libArduinoCore.a(wiring_digital.o)
                                0x2bf (size before relaxing)

.debug_loc      0x00000000     0x66dc
 *(.debug_loc)
 .debug_loc     0x00000000      0xd40 Main.o
 .debug_loc     0x00000d40      0x482 D:\Users\death\DOCUME~1\GitHub\PROJEC~1\C__&AR~1\PCD\PCD\ARDUIN~1\Debug\libArduinoCore.a(HardwareSerial.o)
 .debug_loc     0x000011c2      0x18a D:\Users\death\DOCUME~1\GitHub\PROJEC~1\C__&AR~1\PCD\PCD\ARDUIN~1\Debug\libArduinoCore.a(HardwareSerial0.o)
 .debug_loc     0x0000134c     0x1c79 D:\Users\death\DOCUME~1\GitHub\PROJEC~1\C__&AR~1\PCD\PCD\ARDUIN~1\Debug\libArduinoCore.a(Print.o)
 .debug_loc     0x00002fc5      0x235 D:\Users\death\DOCUME~1\GitHub\PROJEC~1\C__&AR~1\PCD\PCD\ARDUIN~1\Debug\libArduinoCore.a(WInterrupts.o)
 .debug_loc     0x000031fa      0x28d D:\Users\death\DOCUME~1\GitHub\PROJEC~1\C__&AR~1\PCD\PCD\ARDUIN~1\Debug\libArduinoCore.a(wiring.o)
 .debug_loc     0x00003487      0xf46 D:\Users\death\DOCUME~1\GitHub\PROJEC~1\C__&AR~1\PCD\PCD\ARDUIN~1\Debug\libArduinoCore.a(DS3232RTC.o)
 .debug_loc     0x000043cd      0x223 D:\Users\death\DOCUME~1\GitHub\PROJEC~1\C__&AR~1\PCD\PCD\ARDUIN~1\Debug\libArduinoCore.a(DateStrings.o)
 .debug_loc     0x000045f0      0xb33 D:\Users\death\DOCUME~1\GitHub\PROJEC~1\C__&AR~1\PCD\PCD\ARDUIN~1\Debug\libArduinoCore.a(Time.o)
 .debug_loc     0x00005123      0xbd7 D:\Users\death\DOCUME~1\GitHub\PROJEC~1\C__&AR~1\PCD\PCD\ARDUIN~1\Debug\libArduinoCore.a(Wire.o)
 .debug_loc     0x00005cfa      0x3e6 D:\Users\death\DOCUME~1\GitHub\PROJEC~1\C__&AR~1\PCD\PCD\ARDUIN~1\Debug\libArduinoCore.a(twi.o)
 .debug_loc     0x000060e0      0x5fc D:\Users\death\DOCUME~1\GitHub\PROJEC~1\C__&AR~1\PCD\PCD\ARDUIN~1\Debug\libArduinoCore.a(wiring_digital.o)

.debug_macinfo
 *(.debug_macinfo)

.debug_weaknames
 *(.debug_weaknames)

.debug_funcnames
 *(.debug_funcnames)

.debug_typenames
 *(.debug_typenames)

.debug_varnames
 *(.debug_varnames)

.debug_pubtypes
 *(.debug_pubtypes)

.debug_ranges   0x00000000      0x608
 *(.debug_ranges)
 .debug_ranges  0x00000000       0xb8 Main.o
 .debug_ranges  0x000000b8       0x58 D:\Users\death\DOCUME~1\GitHub\PROJEC~1\C__&AR~1\PCD\PCD\ARDUIN~1\Debug\libArduinoCore.a(HardwareSerial.o)
 .debug_ranges  0x00000110       0x28 D:\Users\death\DOCUME~1\GitHub\PROJEC~1\C__&AR~1\PCD\PCD\ARDUIN~1\Debug\libArduinoCore.a(HardwareSerial0.o)
 .debug_ranges  0x00000138      0x110 D:\Users\death\DOCUME~1\GitHub\PROJEC~1\C__&AR~1\PCD\PCD\ARDUIN~1\Debug\libArduinoCore.a(Print.o)
 .debug_ranges  0x00000248       0x30 D:\Users\death\DOCUME~1\GitHub\PROJEC~1\C__&AR~1\PCD\PCD\ARDUIN~1\Debug\libArduinoCore.a(WInterrupts.o)
 .debug_ranges  0x00000278       0x38 D:\Users\death\DOCUME~1\GitHub\PROJEC~1\C__&AR~1\PCD\PCD\ARDUIN~1\Debug\libArduinoCore.a(wiring.o)
 .debug_ranges  0x000002b0       0xa0 D:\Users\death\DOCUME~1\GitHub\PROJEC~1\C__&AR~1\PCD\PCD\ARDUIN~1\Debug\libArduinoCore.a(DS3232RTC.o)
 .debug_ranges  0x00000350       0x40 D:\Users\death\DOCUME~1\GitHub\PROJEC~1\C__&AR~1\PCD\PCD\ARDUIN~1\Debug\libArduinoCore.a(DateStrings.o)
 .debug_ranges  0x00000390       0xf8 D:\Users\death\DOCUME~1\GitHub\PROJEC~1\C__&AR~1\PCD\PCD\ARDUIN~1\Debug\libArduinoCore.a(Time.o)
 .debug_ranges  0x00000488       0xd8 D:\Users\death\DOCUME~1\GitHub\PROJEC~1\C__&AR~1\PCD\PCD\ARDUIN~1\Debug\libArduinoCore.a(Wire.o)
 .debug_ranges  0x00000560       0x10 D:\Users\death\DOCUME~1\GitHub\PROJEC~1\C__&AR~1\PCD\PCD\ARDUIN~1\Debug\libArduinoCore.a(hooks.o)
 .debug_ranges  0x00000570       0x70 D:\Users\death\DOCUME~1\GitHub\PROJEC~1\C__&AR~1\PCD\PCD\ARDUIN~1\Debug\libArduinoCore.a(twi.o)
 .debug_ranges  0x000005e0       0x28 D:\Users\death\DOCUME~1\GitHub\PROJEC~1\C__&AR~1\PCD\PCD\ARDUIN~1\Debug\libArduinoCore.a(wiring_digital.o)

.debug_macro
 *(.debug_macro)
OUTPUT(ArduSketch3.elf elf32-avr)
LOAD linker stubs
