Archive member included to satisfy reference by file (symbol)

D:\Users\death\DOCUME~1\GitHub\PROJEC~1\C__&AR~1\PCD\PCD\ARDUIN~1\Debug\libArduinoCore.a(HardwareSerial.o)
                              Main.o (_ZN14HardwareSerial5beginEmh)
D:\Users\death\DOCUME~1\GitHub\PROJEC~1\C__&AR~1\PCD\PCD\ARDUIN~1\Debug\libArduinoCore.a(HardwareSerial0.o)
                              Main.o (Serial)
D:\Users\death\DOCUME~1\GitHub\PROJEC~1\C__&AR~1\PCD\PCD\ARDUIN~1\Debug\libArduinoCore.a(Print.o)
                              D:\Users\death\DOCUME~1\GitHub\PROJEC~1\C__&AR~1\PCD\PCD\ARDUIN~1\Debug\libArduinoCore.a(HardwareSerial.o) (_ZN5Print5writeEPKhj)
D:\Users\death\DOCUME~1\GitHub\PROJEC~1\C__&AR~1\PCD\PCD\ARDUIN~1\Debug\libArduinoCore.a(WInterrupts.o)
                              Main.o (attachInterrupt)
D:\Users\death\DOCUME~1\GitHub\PROJEC~1\C__&AR~1\PCD\PCD\ARDUIN~1\Debug\libArduinoCore.a(wiring.o)
                              Main.o (delay)
D:\Users\death\DOCUME~1\GitHub\PROJEC~1\C__&AR~1\PCD\PCD\ARDUIN~1\Debug\libArduinoCore.a(wiring_analog.o)
                              Main.o (analogRead)
D:\Users\death\DOCUME~1\GitHub\PROJEC~1\C__&AR~1\PCD\PCD\ARDUIN~1\Debug\libArduinoCore.a(wiring_digital.o)
                              D:\Users\death\DOCUME~1\GitHub\PROJEC~1\C__&AR~1\PCD\PCD\ARDUIN~1\Debug\libArduinoCore.a(wiring_analog.o) (pinMode)
D:\Users\death\DOCUME~1\GitHub\PROJEC~1\C__&AR~1\PCD\PCD\ARDUIN~1\Debug\libArduinoCore.a(DS3232RTC.o)
                              Main.o (_ZN9DS3232RTC8setAlarmE13ALARM_TYPES_thhhh)
D:\Users\death\DOCUME~1\GitHub\PROJEC~1\C__&AR~1\PCD\PCD\ARDUIN~1\Debug\libArduinoCore.a(LiquidCrystal.o)
                              Main.o (_ZN13LiquidCrystal5clearEv)
D:\Users\death\DOCUME~1\GitHub\PROJEC~1\C__&AR~1\PCD\PCD\ARDUIN~1\Debug\libArduinoCore.a(DateStrings.o)
                              Main.o (_Z13monthShortStrh)
D:\Users\death\DOCUME~1\GitHub\PROJEC~1\C__&AR~1\PCD\PCD\ARDUIN~1\Debug\libArduinoCore.a(Time.o)
                              D:\Users\death\DOCUME~1\GitHub\PROJEC~1\C__&AR~1\PCD\PCD\ARDUIN~1\Debug\libArduinoCore.a(DS3232RTC.o) (_Z9breakTimemR12tmElements_t)
D:\Users\death\DOCUME~1\GitHub\PROJEC~1\C__&AR~1\PCD\PCD\ARDUIN~1\Debug\libArduinoCore.a(Wire.o)
                              D:\Users\death\DOCUME~1\GitHub\PROJEC~1\C__&AR~1\PCD\PCD\ARDUIN~1\Debug\libArduinoCore.a(DS3232RTC.o) (_ZN7TwoWire4readEv)
D:\Users\death\DOCUME~1\GitHub\PROJEC~1\C__&AR~1\PCD\PCD\ARDUIN~1\Debug\libArduinoCore.a(abi.o)
                              D:\Users\death\DOCUME~1\GitHub\PROJEC~1\C__&AR~1\PCD\PCD\ARDUIN~1\Debug\libArduinoCore.a(Print.o) (__cxa_pure_virtual)
D:\Users\death\DOCUME~1\GitHub\PROJEC~1\C__&AR~1\PCD\PCD\ARDUIN~1\Debug\libArduinoCore.a(hooks.o)
                              D:\Users\death\DOCUME~1\GitHub\PROJEC~1\C__&AR~1\PCD\PCD\ARDUIN~1\Debug\libArduinoCore.a(wiring.o) (yield)
D:\Users\death\DOCUME~1\GitHub\PROJEC~1\C__&AR~1\PCD\PCD\ARDUIN~1\Debug\libArduinoCore.a(twi.o)
                              D:\Users\death\DOCUME~1\GitHub\PROJEC~1\C__&AR~1\PCD\PCD\ARDUIN~1\Debug\libArduinoCore.a(Wire.o) (twi_init)
d:/program files (x86)/atmel/studio/7.0/toolchain/avr8/avr8-gnu-toolchain/bin/../lib/gcc/avr/5.4.0/../../../../avr/lib/avr5\libm.a(addsf3.o)
                              D:\Users\death\DOCUME~1\GitHub\PROJEC~1\C__&AR~1\PCD\PCD\ARDUIN~1\Debug\libArduinoCore.a(Print.o) (__subsf3)
d:/program files (x86)/atmel/studio/7.0/toolchain/avr8/avr8-gnu-toolchain/bin/../lib/gcc/avr/5.4.0/../../../../avr/lib/avr5\libm.a(addsf3x.o)
                              d:/program files (x86)/atmel/studio/7.0/toolchain/avr8/avr8-gnu-toolchain/bin/../lib/gcc/avr/5.4.0/../../../../avr/lib/avr5\libm.a(addsf3.o) (__addsf3x)
d:/program files (x86)/atmel/studio/7.0/toolchain/avr8/avr8-gnu-toolchain/bin/../lib/gcc/avr/5.4.0/../../../../avr/lib/avr5\libm.a(cmpsf2.o)
                              D:\Users\death\DOCUME~1\GitHub\PROJEC~1\C__&AR~1\PCD\PCD\ARDUIN~1\Debug\libArduinoCore.a(Print.o) (__ltsf2)
d:/program files (x86)/atmel/studio/7.0/toolchain/avr8/avr8-gnu-toolchain/bin/../lib/gcc/avr/5.4.0/../../../../avr/lib/avr5\libm.a(divsf3.o)
                              D:\Users\death\DOCUME~1\GitHub\PROJEC~1\C__&AR~1\PCD\PCD\ARDUIN~1\Debug\libArduinoCore.a(Print.o) (__divsf3)
d:/program files (x86)/atmel/studio/7.0/toolchain/avr8/avr8-gnu-toolchain/bin/../lib/gcc/avr/5.4.0/../../../../avr/lib/avr5\libm.a(divsf3x.o)
                              d:/program files (x86)/atmel/studio/7.0/toolchain/avr8/avr8-gnu-toolchain/bin/../lib/gcc/avr/5.4.0/../../../../avr/lib/avr5\libm.a(divsf3.o) (__divsf3x)
d:/program files (x86)/atmel/studio/7.0/toolchain/avr8/avr8-gnu-toolchain/bin/../lib/gcc/avr/5.4.0/../../../../avr/lib/avr5\libm.a(fixunssfsi.o)
                              D:\Users\death\DOCUME~1\GitHub\PROJEC~1\C__&AR~1\PCD\PCD\ARDUIN~1\Debug\libArduinoCore.a(Print.o) (__fixunssfsi)
[...]
Memory Configuration

Name             Origin             Length             Attributes
text             0x00000000         0x00020000         xr
data             0x00800060         0x0000ffa0         rw !x
eeprom           0x00810000         0x00010000         rw !x
fuse             0x00820000         0x00000003         rw !x
lock             0x00830000         0x00000400         rw !x
signature        0x00840000         0x00000400         rw !x
user_signatures  0x00850000         0x00000400         rw !x
*default*        0x00000000         0xffffffff

Linker script and memory map

Address of section .data set to 0x800100
LOAD D:/Program Files (x86)/Atmel/Studio/7.0/Packs/atmel/ATmega_DFP/1.2.132/gcc/dev/atmega328p/avr5/crtatmega328p.o
LOAD Main.o
START GROUP
LOAD d:/program files (x86)/atmel/studio/7.0/toolchain/avr8/avr8-gnu-toolchain/bin/../lib/gcc/avr/5.4.0/../../../../avr/lib/avr5\libm.a
LOAD D:\Users\death\DOCUME~1\GitHub\PROJEC~1\C__&AR~1\PCD\PCD\ARDUIN~1\Debug\libArduinoCore.a
END GROUP
LOAD d:/program files (x86)/atmel/studio/7.0/toolchain/avr8/avr8-gnu-toolchain/bin/../lib/gcc/avr/5.4.0/avr5\libgcc.a
LOAD d:/program files (x86)/atmel/studio/7.0/toolchain/avr8/avr8-gnu-toolchain/bin/../lib/gcc/avr/5.4.0/../../../../avr/lib/avr5\libm.a
START GROUP
LOAD d:/program files (x86)/atmel/studio/7.0/toolchain/avr8/avr8-gnu-toolchain/bin/../lib/gcc/avr/5.4.0/avr5\libgcc.a
LOAD d:/program files (x86)/atmel/studio/7.0/toolchain/avr8/avr8-gnu-toolchain/bin/../lib/gcc/avr/5.4.0/../../../../avr/lib/avr5\libm.a
LOAD d:/program files (x86)/atmel/studio/7.0/toolchain/avr8/avr8-gnu-toolchain/bin/../lib/gcc/avr/5.4.0/../../../../avr/lib/avr5\libc.a
LOAD D:/Program Files (x86)/Atmel/Studio/7.0/Packs/atmel/ATmega_DFP/1.2.132/gcc/dev/atmega328p/avr5\libatmega328p.a
END GROUP
                0x00020000                __TEXT_REGION_LENGTH__ = DEFINED (__TEXT_REGION_LENGTH__)?__TEXT_REGION_LENGTH__:0x20000
                0x0000ffa0                __DATA_REGION_LENGTH__ = DEFINED (__DATA_REGION_LENGTH__)?__DATA_REGION_LENGTH__:0xffa0
                0x00010000                __EEPROM_REGION_LENGTH__ = DEFINED (__EEPROM_REGION_LENGTH__)?__EEPROM_REGION_LENGTH__:0x10000
                [0x00000003]                __FUSE_REGION_LENGTH__ = DEFINED (__FUSE_REGION_LENGTH__)?__FUSE_REGION_LENGTH__:0x400
                0x00000400                __LOCK_REGION_LENGTH__ = DEFINED (__LOCK_REGION_LENGTH__)?__LOCK_REGION_LENGTH__:0x400
                0x00000400                __SIGNATURE_REGION_LENGTH__ = DEFINED (__SIGNATURE_REGION_LENGTH__)?__SIGNATURE_REGION_LENGTH__:0x400
                0x00000400                __USER_SIGNATURE_REGION_LENGTH__ = DEFINED (__USER_SIGNATURE_REGION_LENGTH__)?__USER_SIGNATURE_REGION_LENGTH__:0x400

.hash
 *(.hash)

.dynsym
 *(.dynsym)

.dynstr
 *(.dynstr)

.gnu.version
 *(.gnu.version)

.gnu.version_d
 *(.gnu.version_d)

.gnu.version_r
 *(.gnu.version_r)

.rel.init
 *(.rel.init)

.rela.init
 *(.rela.init)

.rel.text
 *(.rel.text)
 *(.rel.text.*)
 *(.rel.gnu.linkonce.t*)

.rela.text
 *(.rela.text)
 *(.rela.text.*)
 *(.rela.gnu.linkonce.t*)

.rel.fini
 *(.rel.fini)

.rela.fini
 *(.rela.fini)

.rel.rodata
 *(.rel.rodata)
 *(.rel.rodata.*)
 *(.rel.gnu.linkonce.r*)

.rela.rodata
 *(.rela.rodata)
 *(.rela.rodata.*)
 *(.rela.gnu.linkonce.r*)

.rel.data
 *(.rel.data)
 *(.rel.data.*)
 *(.rel.gnu.linkonce.d*)

.rela.data
 *(.rela.data)
 *(.rela.data.*)
 *(.rela.gnu.linkonce.d*)

.rel.ctors
 *(.rel.ctors)

.rela.ctors
 *(.rela.ctors)

.rel.dtors
 *(.rel.dtors)

.rela.dtors
 *(.rela.dtors)

.rel.got
 *(.rel.got)

.rela.got
 *(.rela.got)

.rel.bss
 *(.rel.bss)

.rela.bss
 *(.rela.bss)

.rel.plt
 *(.rel.plt)

.rela.plt
 *(.rela.plt)

.text           0x00000000     0x2cfc
 *(.vectors)
 .vectors       0x00000000       0x68 D:/Program Files (x86)/Atmel/Studio/7.0/Packs/atmel/ATmega_DFP/1.2.132/gcc/dev/atmega328p/avr5/crtatmega328p.o
                0x00000000                __vector_default
                0x00000000                __vectors
 *(.vectors)
 *(.progmem.gcc*)
 .progmem.gcc_sw_table._ZN23Human_Machine_Interface8UIupdateEv
                0x00000068       0x32 Main.o
                0x0000009a                . = ALIGN (0x2)
                0x0000009a                __trampolines_start = .
 *(.trampolines)
 .trampolines   0x0000009a        0x0 linker stubs
 *(.trampolines*)
                0x0000009a                __trampolines_end = .
 *libprintf_flt.a:*(.progmem.data)
 *libc.a:*(.progmem.data)
 *(.progmem*)
 .progmem.data.digital_pin_to_timer_PGM
                0x0000009a       0x14 D:\Users\death\DOCUME~1\GitHub\PROJEC~1\C__&AR~1\PCD\PCD\ARDUIN~1\Debug\libArduinoCore.a(wiring_digital.o)
                0x0000009a                digital_pin_to_timer_PGM
 .progmem.data.digital_pin_to_bit_mask_PGM
                0x000000ae       0x14 D:\Users\death\DOCUME~1\GitHub\PROJEC~1\C__&AR~1\PCD\PCD\ARDUIN~1\Debug\libArduinoCore.a(wiring_digital.o)
                0x000000ae                digital_pin_to_bit_mask_PGM
 .progmem.data.digital_pin_to_port_PGM
                0x000000c2       0x14 D:\Users\death\DOCUME~1\GitHub\PROJEC~1\C__&AR~1\PCD\PCD\ARDUIN~1\Debug\libArduinoCore.a(wiring_digital.o)
                0x000000c2                digital_pin_to_port_PGM
 .progmem.data.port_to_output_PGM
                0x000000d6        0xa D:\Users\death\DOCUME~1\GitHub\PROJEC~1\C__&AR~1\PCD\PCD\ARDUIN~1\Debug\libArduinoCore.a(wiring_digital.o)
                0x000000d6                port_to_output_PGM
 .progmem.data.port_to_mode_PGM
                0x000000e0        0xa D:\Users\death\DOCUME~1\GitHub\PROJEC~1\C__&AR~1\PCD\PCD\ARDUIN~1\Debug\libArduinoCore.a(wiring_digital.o)
                0x000000e0                port_to_mode_PGM
 .progmem.data._ZL17monthShortNames_P
                0x000000ea       0x28 D:\Users\death\DOCUME~1\GitHub\PROJEC~1\C__&AR~1\PCD\PCD\ARDUIN~1\Debug\libArduinoCore.a(DateStrings.o)
                0x00000112                . = ALIGN (0x2)
 *(.jumptables)
 *(.jumptables*)
 *(.lowtext)
 *(.lowtext*)
                0x00000112                __ctors_start = .
 *(.ctors)
 .ctors         0x00000112        0x2 Main.o
 .ctors         0x00000114        0x2 D:\Users\death\DOCUME~1\GitHub\PROJEC~1\C__&AR~1\PCD\PCD\ARDUIN~1\Debug\libArduinoCore.a(HardwareSerial0.o)
 .ctors         0x00000116        0x2 D:\Users\death\DOCUME~1\GitHub\PROJEC~1\C__&AR~1\PCD\PCD\ARDUIN~1\Debug\libArduinoCore.a(DS3232RTC.o)
 .ctors         0x00000118        0x2 D:\Users\death\DOCUME~1\GitHub\PROJEC~1\C__&AR~1\PCD\PCD\ARDUIN~1\Debug\libArduinoCore.a(Wire.o)
                0x0000011a                __ctors_end = .
                0x0000011a                __dtors_start = .
 *(.dtors)
                0x0000011a                __dtors_end = .
 SORT(*)(.ctors)
 SORT(*)(.dtors)
 *(.init0)
 .init0         0x0000011a        0x0 D:/Program Files (x86)/Atmel/Studio/7.0/Packs/atmel/ATmega_DFP/1.2.132/gcc/dev/atmega328p/avr5/crtatmega328p.o
                0x0000011a                __init
 *(.init0)
 *(.init1)
 *(.init1)
 *(.init2)
 .init2         0x0000011a        0xc D:/Program Files (x86)/Atmel/Studio/7.0/Packs/atmel/ATmega_DFP/1.2.132/gcc/dev/atmega328p/avr5/crtatmega328p.o
 *(.init2)
 *(.init3)
 *(.init3)
 *(.init4)
 .init4         0x00000126       0x16 d:/program files (x86)/atmel/studio/7.0/toolchain/avr8/avr8-gnu-toolchain/bin/../lib/gcc/avr/5.4.0/avr5\libgcc.a(_copy_data.o)
                0x00000126                __do_copy_data
 .init4         0x0000013c       0x10 d:/program files (x86)/atmel/studio/7.0/toolchain/avr8/avr8-gnu-toolchain/bin/../lib/gcc/avr/5.4.0/avr5\libgcc.a(_clear_bss.o)
                0x0000013c                __do_clear_bss
 *(.init4)
 *(.init5)
 *(.init5)
 *(.init6)
 .init6         0x0000014c       0x16 d:/program files (x86)/atmel/studio/7.0/toolchain/avr8/avr8-gnu-toolchain/bin/../lib/gcc/avr/5.4.0/avr5\libgcc.a(_ctors.o)
                0x0000014c                __do_global_ctors
 *(.init6)
 *(.init7)
 *(.init7)
 *(.init8)
 *(.init8)
 *(.init9)
 .init9         0x00000162        0x8 D:/Program Files (x86)/Atmel/Studio/7.0/Packs/atmel/ATmega_DFP/1.2.132/gcc/dev/atmega328p/avr5/crtatmega328p.o
 *(.init9)
 *(.text)
 .text          0x0000016a        0x4 D:/Program Files (x86)/Atmel/Studio/7.0/Packs/atmel/ATmega_DFP/1.2.132/gcc/dev/atmega328p/avr5/crtatmega328p.o
                0x0000016a                __vector_22
                0x0000016a                __vector_12
                0x0000016a                __bad_interrupt
                0x0000016a                __vector_6
                0x0000016a                __vector_3
                0x0000016a                __vector_23
                0x0000016a                __vector_25
                0x0000016a                __vector_13
                0x0000016a                __vector_17
                0x0000016a                __vector_7
                0x0000016a                __vector_5
                0x0000016a                __vector_4
                0x0000016a                __vector_9
                0x0000016a                __vector_21
                0x0000016a                __vector_15
                0x0000016a                __vector_8
                0x0000016a                __vector_14
                0x0000016a                __vector_10
                0x0000016a                __vector_20
                0x0000016e                . = ALIGN (0x2)
 *(.text.*)
 .text._Z8alarmIsrv
                0x0000016e        0x8 Main.o
                0x0000016e                _Z8alarmIsrv
 .text._ZlsR5PrintRK6_BASED
                0x00000176       0x20 Main.o
                0x00000176                _ZlsR5PrintRK6_BASED
 .text._ZN23Human_Machine_Interface13printDateTimeE12tmElements_t
                0x00000196      0x10e Main.o
                0x00000196                _ZN23Human_Machine_Interface13printDateTimeE12tmElements_t
 .text._ZN23Human_Machine_Interface13printDateTimeEm
                0x000002a4      0x1d0 Main.o
                0x000002a4                _ZN23Human_Machine_Interface13printDateTimeEm
 .text._ZN23Human_Machine_Interface8ConvTotmEm
                0x00000474       0x98 Main.o
                0x00000474                _ZN23Human_Machine_Interface8ConvTotmEm
 .text._ZN23Human_Machine_InterfaceC2Ev
                0x0000050c       0x2e Main.o
                0x0000050c                _ZN23Human_Machine_InterfaceC1Ev
                0x0000050c                _ZN23Human_Machine_InterfaceC2Ev
 .text._ZN23Human_Machine_Interface16read_LCD_buttonsEv
                0x0000053a       0x4c Main.o
                0x0000053a                _ZN23Human_Machine_Interface16read_LCD_buttonsEv
 .text._ZN16DS3231RTC_Alarms11init_alarmsEv
                0x00000586       0xaa Main.o
                0x00000586                _ZN16DS3231RTC_Alarms11init_alarmsEv
 .text._ZN16DS3231RTC_Alarms11alarm_CheckEPh
                0x00000630       0x42 Main.o
                0x00000630                _ZN16DS3231RTC_Alarms11alarm_CheckEPh
 .text._ZN16DS3231RTC_Alarms10alarm1_setE12tmElements_t
                0x00000672       0xac Main.o
                0x00000672                _ZN16DS3231RTC_Alarms10alarm1_setE12tmElements_t
 .text._ZN23Human_Machine_Interface8UIupdateEv
                0x0000071e      0x638 Main.o
                0x0000071e                _ZN23Human_Machine_Interface8UIupdateEv
 .text._ZN14liftRelayArray14relayArrayInitEv
                0x00000d56       0x46 Main.o
                0x00000d56                _ZN14liftRelayArray14relayArrayInitEv
 .text._ZN14liftRelayArray17relayArrayCommandEh
                0x00000d9c       0x1e Main.o
                0x00000d9c                _ZN14liftRelayArray17relayArrayCommandEh
 .text.__vector_11
                0x00000dba       0xa2 Main.o
                0x00000dba                __vector_11
 .text.startup.main
                0x00000e5c      0x112 Main.o
                0x00000e5c                main
 .text.startup._GLOBAL__sub_I_alarmIsrWasCalled
                0x00000f6e       0x42 Main.o
 .text._ZN14HardwareSerial9availableEv
                0x00000fb0       0x18 D:\Users\death\DOCUME~1\GitHub\PROJEC~1\C__&AR~1\PCD\PCD\ARDUIN~1\Debug\libArduinoCore.a(HardwareSerial.o)
                0x00000fb0                _ZN14HardwareSerial9availableEv
 .text._ZN14HardwareSerial4peekEv
                0x00000fc8       0x1c D:\Users\death\DOCUME~1\GitHub\PROJEC~1\C__&AR~1\PCD\PCD\ARDUIN~1\Debug\libArduinoCore.a(HardwareSerial.o)
                0x00000fc8                _ZN14HardwareSerial4peekEv
 .text._ZN14HardwareSerial4readEv
                0x00000fe4       0x28 D:\Users\death\DOCUME~1\GitHub\PROJEC~1\C__&AR~1\PCD\PCD\ARDUIN~1\Debug\libArduinoCore.a(HardwareSerial.o)
                0x00000fe4                _ZN14HardwareSerial4readEv
 .text._ZN14HardwareSerial17availableForWriteEv
                0x0000100c       0x1e D:\Users\death\DOCUME~1\GitHub\PROJEC~1\C__&AR~1\PCD\PCD\ARDUIN~1\Debug\libArduinoCore.a(HardwareSerial.o)
                0x0000100c                _ZN14HardwareSerial17availableForWriteEv
 .text._ZN14HardwareSerial17_tx_udr_empty_irqEv
                0x0000102a       0x42 D:\Users\death\DOCUME~1\GitHub\PROJEC~1\C__&AR~1\PCD\PCD\ARDUIN~1\Debug\libArduinoCore.a(HardwareSerial.o)
                0x0000102a                _ZN14HardwareSerial17_tx_udr_empty_irqEv
 .text._ZN14HardwareSerial5writeEh
                0x0000106c       0x8e D:\Users\death\DOCUME~1\GitHub\PROJEC~1\C__&AR~1\PCD\PCD\ARDUIN~1\Debug\libArduinoCore.a(HardwareSerial.o)
                0x0000106c                _ZN14HardwareSerial5writeEh
 .text._ZN14HardwareSerial5flushEv
                0x000010fa       0x44 D:\Users\death\DOCUME~1\GitHub\PROJEC~1\C__&AR~1\PCD\PCD\ARDUIN~1\Debug\libArduinoCore.a(HardwareSerial.o)
                0x000010fa                _ZN14HardwareSerial5flushEv
 .text._ZN14HardwareSerial5beginEmh
                0x0000113e       0xca D:\Users\death\DOCUME~1\GitHub\PROJEC~1\C__&AR~1\PCD\PCD\ARDUIN~1\Debug\libArduinoCore.a(HardwareSerial.o)
                0x0000113e                _ZN14HardwareSerial5beginEmh
 .text._ZN5Print17availableForWriteEv
                0x00001208        0x6 D:\Users\death\DOCUME~1\GitHub\PROJEC~1\C__&AR~1\PCD\PCD\ARDUIN~1\Debug\libArduinoCore.a(HardwareSerial0.o)
                0x00001208                _ZN5Print17availableForWriteEv
 .text._ZN5Print5flushEv
                0x0000120e        0x2 D:\Users\death\DOCUME~1\GitHub\PROJEC~1\C__&AR~1\PCD\PCD\ARDUIN~1\Debug\libArduinoCore.a(HardwareSerial0.o)
                0x0000120e                _ZN5Print5flushEv
 .text.__vector_18
                0x00001210       0x64 D:\Users\death\DOCUME~1\GitHub\PROJEC~1\C__&AR~1\PCD\PCD\ARDUIN~1\Debug\libArduinoCore.a(HardwareSerial0.o)
                0x00001210                __vector_18
 .text.__vector_19
                0x00001274       0x4c D:\Users\death\DOCUME~1\GitHub\PROJEC~1\C__&AR~1\PCD\PCD\ARDUIN~1\Debug\libArduinoCore.a(HardwareSerial0.o)
                0x00001274                __vector_19
 .text.startup._GLOBAL__sub_I___vector_18
                0x000012c0       0x5a D:\Users\death\DOCUME~1\GitHub\PROJEC~1\C__&AR~1\PCD\PCD\ARDUIN~1\Debug\libArduinoCore.a(HardwareSerial0.o)
 .text._ZN5Print5writeEPKhj
                0x0000131a       0x54 D:\Users\death\DOCUME~1\GitHub\PROJEC~1\C__&AR~1\PCD\PCD\ARDUIN~1\Debug\libArduinoCore.a(Print.o)
                0x0000131a                _ZN5Print5writeEPKhj
 .text._ZN5Print5writeEPKc
                0x0000136e       0x2a D:\Users\death\DOCUME~1\GitHub\PROJEC~1\C__&AR~1\PCD\PCD\ARDUIN~1\Debug\libArduinoCore.a(Print.o)
                0x0000136e                _ZN5Print5writeEPKc
 .text._ZN5Print5printEPKc
                0x00001398        0x4 D:\Users\death\DOCUME~1\GitHub\PROJEC~1\C__&AR~1\PCD\PCD\ARDUIN~1\Debug\libArduinoCore.a(Print.o)
                0x00001398                _ZN5Print5printEPKc
 .text._ZN5Print5printEc
                0x0000139c        0xe D:\Users\death\DOCUME~1\GitHub\PROJEC~1\C__&AR~1\PCD\PCD\ARDUIN~1\Debug\libArduinoCore.a(Print.o)
                0x0000139c                _ZN5Print5printEc
 .text._ZN5Print7printlnEv
                0x000013aa        0x8 D:\Users\death\DOCUME~1\GitHub\PROJEC~1\C__&AR~1\PCD\PCD\ARDUIN~1\Debug\libArduinoCore.a(Print.o)
                0x000013aa                _ZN5Print7printlnEv
 .text._ZN5Print11printNumberEmh
                0x000013b2       0x92 D:\Users\death\DOCUME~1\GitHub\PROJEC~1\C__&AR~1\PCD\PCD\ARDUIN~1\Debug\libArduinoCore.a(Print.o)
                0x000013b2                _ZN5Print11printNumberEmh
 .text._ZN5Print5printEmi
                0x00001444       0x1a D:\Users\death\DOCUME~1\GitHub\PROJEC~1\C__&AR~1\PCD\PCD\ARDUIN~1\Debug\libArduinoCore.a(Print.o)
                0x00001444                _ZN5Print5printEmi
 .text._ZN5Print5printEhi
                0x0000145e        0xe D:\Users\death\DOCUME~1\GitHub\PROJEC~1\C__&AR~1\PCD\PCD\ARDUIN~1\Debug\libArduinoCore.a(Print.o)
                0x0000145e                _ZN5Print5printEhi
 .text._ZN5Print5printEli
                0x0000146c       0x90 D:\Users\death\DOCUME~1\GitHub\PROJEC~1\C__&AR~1\PCD\PCD\ARDUIN~1\Debug\libArduinoCore.a(Print.o)
                0x0000146c                _ZN5Print5printEli
 .text.nothing  0x000014fc        0x2 D:\Users\death\DOCUME~1\GitHub\PROJEC~1\C__&AR~1\PCD\PCD\ARDUIN~1\Debug\libArduinoCore.a(WInterrupts.o)
 .text.attachInterrupt
                0x000014fe       0x40 D:\Users\death\DOCUME~1\GitHub\PROJEC~1\C__&AR~1\PCD\PCD\ARDUIN~1\Debug\libArduinoCore.a(WInterrupts.o)
                0x000014fe                attachInterrupt
 .text.__vector_1
                0x0000153e       0x4e D:\Users\death\DOCUME~1\GitHub\PROJEC~1\C__&AR~1\PCD\PCD\ARDUIN~1\Debug\libArduinoCore.a(WInterrupts.o)
                0x0000153e                __vector_1
 .text.__vector_2
                0x0000158c       0x4e D:\Users\death\DOCUME~1\GitHub\PROJEC~1\C__&AR~1\PCD\PCD\ARDUIN~1\Debug\libArduinoCore.a(WInterrupts.o)
                0x0000158c                __vector_2
 .text.__vector_16
                0x000015da       0x94 D:\Users\death\DOCUME~1\GitHub\PROJEC~1\C__&AR~1\PCD\PCD\ARDUIN~1\Debug\libArduinoCore.a(wiring.o)
                0x000015da                __vector_16
 .text.micros   0x0000166e       0x4a D:\Users\death\DOCUME~1\GitHub\PROJEC~1\C__&AR~1\PCD\PCD\ARDUIN~1\Debug\libArduinoCore.a(wiring.o)
                0x0000166e                micros
 .text.delay    0x000016b8       0x78 D:\Users\death\DOCUME~1\GitHub\PROJEC~1\C__&AR~1\PCD\PCD\ARDUIN~1\Debug\libArduinoCore.a(wiring.o)
                0x000016b8                delay
 .text.delayMicroseconds
                0x00001730       0x16 D:\Users\death\DOCUME~1\GitHub\PROJEC~1\C__&AR~1\PCD\PCD\ARDUIN~1\Debug\libArduinoCore.a(wiring.o)
                0x00001730                delayMicroseconds
 .text.init     0x00001746       0x76 D:\Users\death\DOCUME~1\GitHub\PROJEC~1\C__&AR~1\PCD\PCD\ARDUIN~1\Debug\libArduinoCore.a(wiring.o)
                0x00001746                init
 .text.analogRead
                0x000017bc       0x3a D:\Users\death\DOCUME~1\GitHub\PROJEC~1\C__&AR~1\PCD\PCD\ARDUIN~1\Debug\libArduinoCore.a(wiring_analog.o)
                0x000017bc                analogRead
 .text.turnOffPWM
                0x000017f6       0x52 D:\Users\death\DOCUME~1\GitHub\PROJEC~1\C__&AR~1\PCD\PCD\ARDUIN~1\Debug\libArduinoCore.a(wiring_digital.o)
 .text.pinMode  0x00001848       0x78 D:\Users\death\DOCUME~1\GitHub\PROJEC~1\C__&AR~1\PCD\PCD\ARDUIN~1\Debug\libArduinoCore.a(wiring_digital.o)
                0x00001848                pinMode
 .text.digitalWrite
                0x000018c0       0x5e D:\Users\death\DOCUME~1\GitHub\PROJEC~1\C__&AR~1\PCD\PCD\ARDUIN~1\Debug\libArduinoCore.a(wiring_digital.o)
                0x000018c0                digitalWrite
 .text._ZN9DS3232RTC7bcd2decEh
                0x0000191e       0x10 D:\Users\death\DOCUME~1\GitHub\PROJEC~1\C__&AR~1\PCD\PCD\ARDUIN~1\Debug\libArduinoCore.a(DS3232RTC.o)
                0x0000191e                _ZN9DS3232RTC7bcd2decEh
 .text.startup._GLOBAL__sub_I__ZN9DS3232RTC7errCodeE
                0x0000192e        0x8 D:\Users\death\DOCUME~1\GitHub\PROJEC~1\C__&AR~1\PCD\PCD\ARDUIN~1\Debug\libArduinoCore.a(DS3232RTC.o)
 .text._ZN9DS3232RTC8writeRTCEhPhh
                0x00001936       0x58 D:\Users\death\DOCUME~1\GitHub\PROJEC~1\C__&AR~1\PCD\PCD\ARDUIN~1\Debug\libArduinoCore.a(DS3232RTC.o)
                0x00001936                _ZN9DS3232RTC8writeRTCEhPhh
 .text._ZN9DS3232RTC8writeRTCEhh
                0x0000198e       0x20 D:\Users\death\DOCUME~1\GitHub\PROJEC~1\C__&AR~1\PCD\PCD\ARDUIN~1\Debug\libArduinoCore.a(DS3232RTC.o)
                0x0000198e                _ZN9DS3232RTC8writeRTCEhh
 .text._ZN9DS3232RTC8setAlarmE13ALARM_TYPES_thhhh
                0x000019ae       0xae D:\Users\death\DOCUME~1\GitHub\PROJEC~1\C__&AR~1\PCD\PCD\ARDUIN~1\Debug\libArduinoCore.a(DS3232RTC.o)
                0x000019ae                _ZN9DS3232RTC8setAlarmE13ALARM_TYPES_thhhh
 .text._ZN9DS3232RTC4readER12tmElements_t
                0x00001a5c       0xac D:\Users\death\DOCUME~1\GitHub\PROJEC~1\C__&AR~1\PCD\PCD\ARDUIN~1\Debug\libArduinoCore.a(DS3232RTC.o)
                0x00001a5c                _ZN9DS3232RTC4readER12tmElements_t
 .text._ZN9DS3232RTC3getEv
                0x00001b08       0x42 D:\Users\death\DOCUME~1\GitHub\PROJEC~1\C__&AR~1\PCD\PCD\ARDUIN~1\Debug\libArduinoCore.a(DS3232RTC.o)
                0x00001b08                _ZN9DS3232RTC3getEv
 .text._ZN9DS3232RTC7readRTCEhPhh
                0x00001b4a       0x6c D:\Users\death\DOCUME~1\GitHub\PROJEC~1\C__&AR~1\PCD\PCD\ARDUIN~1\Debug\libArduinoCore.a(DS3232RTC.o)
                0x00001b4a                _ZN9DS3232RTC7readRTCEhPhh
 .text._ZN9DS3232RTC7readRTCEh
                0x00001bb6       0x20 D:\Users\death\DOCUME~1\GitHub\PROJEC~1\C__&AR~1\PCD\PCD\ARDUIN~1\Debug\libArduinoCore.a(DS3232RTC.o)
                0x00001bb6                _ZN9DS3232RTC7readRTCEh
 .text._ZN9DS3232RTC5writeER12tmElements_t
                0x00001bd6      0x112 D:\Users\death\DOCUME~1\GitHub\PROJEC~1\C__&AR~1\PCD\PCD\ARDUIN~1\Debug\libArduinoCore.a(DS3232RTC.o)
                0x00001bd6                _ZN9DS3232RTC5writeER12tmElements_t
 .text._ZN9DS3232RTC3setEm
                0x00001ce8       0x4a D:\Users\death\DOCUME~1\GitHub\PROJEC~1\C__&AR~1\PCD\PCD\ARDUIN~1\Debug\libArduinoCore.a(DS3232RTC.o)
                0x00001ce8                _ZN9DS3232RTC3setEm
 .text._ZN9DS3232RTC14alarmInterruptEhb
                0x00001d32       0x42 D:\Users\death\DOCUME~1\GitHub\PROJEC~1\C__&AR~1\PCD\PCD\ARDUIN~1\Debug\libArduinoCore.a(DS3232RTC.o)
                0x00001d32                _ZN9DS3232RTC14alarmInterruptEhb
 .text._ZN9DS3232RTC5alarmEh
                0x00001d74       0x40 D:\Users\death\DOCUME~1\GitHub\PROJEC~1\C__&AR~1\PCD\PCD\ARDUIN~1\Debug\libArduinoCore.a(DS3232RTC.o)
                0x00001d74                _ZN9DS3232RTC5alarmEh
 .text._ZN9DS3232RTC10squareWaveE14SQWAVE_FREQS_t
                0x00001db4       0x34 D:\Users\death\DOCUME~1\GitHub\PROJEC~1\C__&AR~1\PCD\PCD\ARDUIN~1\Debug\libArduinoCore.a(DS3232RTC.o)
                0x00001db4                _ZN9DS3232RTC10squareWaveE14SQWAVE_FREQS_t
 .text._ZN13LiquidCrystal11pulseEnableEv
                0x00001de8       0x3a D:\Users\death\DOCUME~1\GitHub\PROJEC~1\C__&AR~1\PCD\PCD\ARDUIN~1\Debug\libArduinoCore.a(LiquidCrystal.o)
                0x00001de8                _ZN13LiquidCrystal11pulseEnableEv
 .text._ZN13LiquidCrystal10write4bitsEh
                0x00001e22       0x5a D:\Users\death\DOCUME~1\GitHub\PROJEC~1\C__&AR~1\PCD\PCD\ARDUIN~1\Debug\libArduinoCore.a(LiquidCrystal.o)
                0x00001e22                _ZN13LiquidCrystal10write4bitsEh
 .text._ZN13LiquidCrystal10write8bitsEh
                0x00001e7c       0x5a D:\Users\death\DOCUME~1\GitHub\PROJEC~1\C__&AR~1\PCD\PCD\ARDUIN~1\Debug\libArduinoCore.a(LiquidCrystal.o)
                0x00001e7c                _ZN13LiquidCrystal10write8bitsEh
 .text._ZN13LiquidCrystal4sendEhh
                0x00001ed6       0x52 D:\Users\death\DOCUME~1\GitHub\PROJEC~1\C__&AR~1\PCD\PCD\ARDUIN~1\Debug\libArduinoCore.a(LiquidCrystal.o)
                0x00001ed6                _ZN13LiquidCrystal4sendEhh
 .text._ZN13LiquidCrystal7commandEh
                0x00001f28        0x6 D:\Users\death\DOCUME~1\GitHub\PROJEC~1\C__&AR~1\PCD\PCD\ARDUIN~1\Debug\libArduinoCore.a(LiquidCrystal.o)
                0x00001f28                _ZN13LiquidCrystal7commandEh
 .text._ZN13LiquidCrystal5clearEv
                0x00001f2e        0xe D:\Users\death\DOCUME~1\GitHub\PROJEC~1\C__&AR~1\PCD\PCD\ARDUIN~1\Debug\libArduinoCore.a(LiquidCrystal.o)
                0x00001f2e                _ZN13LiquidCrystal5clearEv
 .text._ZN13LiquidCrystal9setCursorEhh
                0x00001f3c       0x26 D:\Users\death\DOCUME~1\GitHub\PROJEC~1\C__&AR~1\PCD\PCD\ARDUIN~1\Debug\libArduinoCore.a(LiquidCrystal.o)
                0x00001f3c                _ZN13LiquidCrystal9setCursorEhh
 .text._ZN13LiquidCrystal7displayEv
                0x00001f62       0x10 D:\Users\death\DOCUME~1\GitHub\PROJEC~1\C__&AR~1\PCD\PCD\ARDUIN~1\Debug\libArduinoCore.a(LiquidCrystal.o)
                0x00001f62                _ZN13LiquidCrystal7displayEv
 .text._ZN13LiquidCrystal5beginEhhh
                0x00001f72      0x14a D:\Users\death\DOCUME~1\GitHub\PROJEC~1\C__&AR~1\PCD\PCD\ARDUIN~1\Debug\libArduinoCore.a(LiquidCrystal.o)
                0x00001f72                _ZN13LiquidCrystal5beginEhhh
 .text._ZN13LiquidCrystalC2Ehhhhhh
                0x000020bc       0x40 D:\Users\death\DOCUME~1\GitHub\PROJEC~1\C__&AR~1\PCD\PCD\ARDUIN~1\Debug\libArduinoCore.a(LiquidCrystal.o)
                0x000020bc                _ZN13LiquidCrystalC1Ehhhhhh
                0x000020bc                _ZN13LiquidCrystalC2Ehhhhhh
 .text._ZN13LiquidCrystal5writeEh
                0x000020fc        0xc D:\Users\death\DOCUME~1\GitHub\PROJEC~1\C__&AR~1\PCD\PCD\ARDUIN~1\Debug\libArduinoCore.a(LiquidCrystal.o)
                0x000020fc                _ZN13LiquidCrystal5writeEh
 .text._Z13monthShortStrh
                0x00002108       0x32 D:\Users\death\DOCUME~1\GitHub\PROJEC~1\C__&AR~1\PCD\PCD\ARDUIN~1\Debug\libArduinoCore.a(DateStrings.o)
                0x00002108                _Z13monthShortStrh
 .text._Z9breakTimemR12tmElements_t
                0x0000213a      0x1ca D:\Users\death\DOCUME~1\GitHub\PROJEC~1\C__&AR~1\PCD\PCD\ARDUIN~1\Debug\libArduinoCore.a(Time.o)
                0x0000213a                _Z9breakTimemR12tmElements_t
 .text._Z12refreshCachem
                0x00002304       0x48 D:\Users\death\DOCUME~1\GitHub\PROJEC~1\C__&AR~1\PCD\PCD\ARDUIN~1\Debug\libArduinoCore.a(Time.o)
                0x00002304                _Z12refreshCachem
 .text._Z4hourm
                0x0000234c        0xc D:\Users\death\DOCUME~1\GitHub\PROJEC~1\C__&AR~1\PCD\PCD\ARDUIN~1\Debug\libArduinoCore.a(Time.o)
                0x0000234c                _Z4hourm
 .text._Z6minutem
                0x00002358        0xc D:\Users\death\DOCUME~1\GitHub\PROJEC~1\C__&AR~1\PCD\PCD\ARDUIN~1\Debug\libArduinoCore.a(Time.o)
                0x00002358                _Z6minutem
 .text._Z6secondm
                0x00002364        0xc D:\Users\death\DOCUME~1\GitHub\PROJEC~1\C__&AR~1\PCD\PCD\ARDUIN~1\Debug\libArduinoCore.a(Time.o)
                0x00002364                _Z6secondm
 .text._Z3daym  0x00002370        0xc D:\Users\death\DOCUME~1\GitHub\PROJEC~1\C__&AR~1\PCD\PCD\ARDUIN~1\Debug\libArduinoCore.a(Time.o)
                0x00002370                _Z3daym
 .text._Z5monthm
                0x0000237c        0xc D:\Users\death\DOCUME~1\GitHub\PROJEC~1\C__&AR~1\PCD\PCD\ARDUIN~1\Debug\libArduinoCore.a(Time.o)
                0x0000237c                _Z5monthm
 .text._Z4yearm
                0x00002388       0x10 D:\Users\death\DOCUME~1\GitHub\PROJEC~1\C__&AR~1\PCD\PCD\ARDUIN~1\Debug\libArduinoCore.a(Time.o)
                0x00002388                _Z4yearm
 .text._Z8makeTimeR12tmElements_t
                0x00002398      0x190 D:\Users\death\DOCUME~1\GitHub\PROJEC~1\C__&AR~1\PCD\PCD\ARDUIN~1\Debug\libArduinoCore.a(Time.o)
                0x00002398                _Z8makeTimeR12tmElements_t
 .text._ZN7TwoWire9availableEv
                0x00002528       0x10 D:\Users\death\DOCUME~1\GitHub\PROJEC~1\C__&AR~1\PCD\PCD\ARDUIN~1\Debug\libArduinoCore.a(Wire.o)
                0x00002528                _ZN7TwoWire9availableEv
 .text._ZN7TwoWire4readEv
                0x00002538       0x28 D:\Users\death\DOCUME~1\GitHub\PROJEC~1\C__&AR~1\PCD\PCD\ARDUIN~1\Debug\libArduinoCore.a(Wire.o)
                0x00002538                _ZN7TwoWire4readEv
 .text._ZN7TwoWire4peekEv
                0x00002560       0x1e D:\Users\death\DOCUME~1\GitHub\PROJEC~1\C__&AR~1\PCD\PCD\ARDUIN~1\Debug\libArduinoCore.a(Wire.o)
                0x00002560                _ZN7TwoWire4peekEv
 .text._ZN7TwoWire5flushEv
                0x0000257e        0x2 D:\Users\death\DOCUME~1\GitHub\PROJEC~1\C__&AR~1\PCD\PCD\ARDUIN~1\Debug\libArduinoCore.a(Wire.o)
                0x0000257e                _ZN7TwoWire5flushEv
 .text._ZN7TwoWire5writeEPKhj
                0x00002580       0x5a D:\Users\death\DOCUME~1\GitHub\PROJEC~1\C__&AR~1\PCD\PCD\ARDUIN~1\Debug\libArduinoCore.a(Wire.o)
                0x00002580                _ZN7TwoWire5writeEPKhj
 .text._ZN7TwoWire5writeEh
                0x000025da       0x5e D:\Users\death\DOCUME~1\GitHub\PROJEC~1\C__&AR~1\PCD\PCD\ARDUIN~1\Debug\libArduinoCore.a(Wire.o)
                0x000025da                _ZN7TwoWire5writeEh
 .text._ZN7TwoWireC2Ev
                0x00002638       0x20 D:\Users\death\DOCUME~1\GitHub\PROJEC~1\C__&AR~1\PCD\PCD\ARDUIN~1\Debug\libArduinoCore.a(Wire.o)
                0x00002638                _ZN7TwoWireC1Ev
                0x00002638                _ZN7TwoWireC2Ev
 .text._ZN7TwoWire5beginEv
                0x00002658       0x14 D:\Users\death\DOCUME~1\GitHub\PROJEC~1\C__&AR~1\PCD\PCD\ARDUIN~1\Debug\libArduinoCore.a(Wire.o)
                0x00002658                _ZN7TwoWire5beginEv
 .text._ZN7TwoWire17beginTransmissionEh
                0x0000266c       0x14 D:\Users\death\DOCUME~1\GitHub\PROJEC~1\C__&AR~1\PCD\PCD\ARDUIN~1\Debug\libArduinoCore.a(Wire.o)
                0x0000266c                _ZN7TwoWire17beginTransmissionEh
 .text._ZN7TwoWire17beginTransmissionEi
                0x00002680        0x4 D:\Users\death\DOCUME~1\GitHub\PROJEC~1\C__&AR~1\PCD\PCD\ARDUIN~1\Debug\libArduinoCore.a(Wire.o)
                0x00002680                _ZN7TwoWire17beginTransmissionEi
 .text._ZN7TwoWire15endTransmissionEh
                0x00002684       0x26 D:\Users\death\DOCUME~1\GitHub\PROJEC~1\C__&AR~1\PCD\PCD\ARDUIN~1\Debug\libArduinoCore.a(Wire.o)
                0x00002684                _ZN7TwoWire15endTransmissionEh
 .text._ZN7TwoWire11requestFromEhhmhh
                0x000026aa       0xa8 D:\Users\death\DOCUME~1\GitHub\PROJEC~1\C__&AR~1\PCD\PCD\ARDUIN~1\Debug\libArduinoCore.a(Wire.o)
                0x000026aa                _ZN7TwoWire11requestFromEhhmhh
 .text._ZN7TwoWire11requestFromEhhh
                0x00002752       0x20 D:\Users\death\DOCUME~1\GitHub\PROJEC~1\C__&AR~1\PCD\PCD\ARDUIN~1\Debug\libArduinoCore.a(Wire.o)
                0x00002752                _ZN7TwoWire11requestFromEhhh
 .text._ZN7TwoWire11requestFromEhh
                0x00002772        0x6 D:\Users\death\DOCUME~1\GitHub\PROJEC~1\C__&AR~1\PCD\PCD\ARDUIN~1\Debug\libArduinoCore.a(Wire.o)
                0x00002772                _ZN7TwoWire11requestFromEhh
 .text._ZN7TwoWire11requestFromEii
                0x00002778        0x6 D:\Users\death\DOCUME~1\GitHub\PROJEC~1\C__&AR~1\PCD\PCD\ARDUIN~1\Debug\libArduinoCore.a(Wire.o)
                0x00002778                _ZN7TwoWire11requestFromEii
 .text._ZN7TwoWire15endTransmissionEv
                0x0000277e        0x6 D:\Users\death\DOCUME~1\GitHub\PROJEC~1\C__&AR~1\PCD\PCD\ARDUIN~1\Debug\libArduinoCore.a(Wire.o)
                0x0000277e                _ZN7TwoWire15endTransmissionEv
 .text.startup._GLOBAL__sub_I__ZN7TwoWire8rxBufferE
                0x00002784        0x8 D:\Users\death\DOCUME~1\GitHub\PROJEC~1\C__&AR~1\PCD\PCD\ARDUIN~1\Debug\libArduinoCore.a(Wire.o)
 .text.__empty  0x0000278c        0x2 D:\Users\death\DOCUME~1\GitHub\PROJEC~1\C__&AR~1\PCD\PCD\ARDUIN~1\Debug\libArduinoCore.a(hooks.o)
                0x0000278c                yield
 .text.twi_init
                0x0000278e       0x3c D:\Users\death\DOCUME~1\GitHub\PROJEC~1\C__&AR~1\PCD\PCD\ARDUIN~1\Debug\libArduinoCore.a(twi.o)
                0x0000278e                twi_init
 .text.twi_readFrom
                0x000027ca       0x90 D:\Users\death\DOCUME~1\GitHub\PROJEC~1\C__&AR~1\PCD\PCD\ARDUIN~1\Debug\libArduinoCore.a(twi.o)
                0x000027ca                twi_readFrom
 .text.twi_writeTo
                0x0000285a       0xac D:\Users\death\DOCUME~1\GitHub\PROJEC~1\C__&AR~1\PCD\PCD\ARDUIN~1\Debug\libArduinoCore.a(twi.o)
                0x0000285a                twi_writeTo
 .text.twi_transmit
                0x00002906       0x50 D:\Users\death\DOCUME~1\GitHub\PROJEC~1\C__&AR~1\PCD\PCD\ARDUIN~1\Debug\libArduinoCore.a(twi.o)
                0x00002906                twi_transmit
 .text.twi_stop
                0x00002956       0x14 D:\Users\death\DOCUME~1\GitHub\PROJEC~1\C__&AR~1\PCD\PCD\ARDUIN~1\Debug\libArduinoCore.a(twi.o)
                0x00002956                twi_stop
 .text.twi_releaseBus
                0x0000296a        0xc D:\Users\death\DOCUME~1\GitHub\PROJEC~1\C__&AR~1\PCD\PCD\ARDUIN~1\Debug\libArduinoCore.a(twi.o)
                0x0000296a                twi_releaseBus
 .text.__vector_24
                0x00002976      0x25a D:\Users\death\DOCUME~1\GitHub\PROJEC~1\C__&AR~1\PCD\PCD\ARDUIN~1\Debug\libArduinoCore.a(twi.o)
                0x00002976                __vector_24
 .text.libgcc.div
                0x00002bd0       0x18 d:/program files (x86)/atmel/studio/7.0/toolchain/avr8/avr8-gnu-toolchain/bin/../lib/gcc/avr/5.4.0/avr5\libgcc.a(_udivmodqi4.o)
                0x00002bd0                __udivmodqi4
 .text.libgcc.div
                0x00002be8       0x28 d:/program files (x86)/atmel/studio/7.0/toolchain/avr8/avr8-gnu-toolchain/bin/../lib/gcc/avr/5.4.0/avr5\libgcc.a(_divmodhi4.o)
                0x00002be8                _div
                0x00002be8                __divmodhi4
 .text.libgcc.div
                0x00002c10       0x44 d:/program files (x86)/atmel/studio/7.0/toolchain/avr8/avr8-gnu-toolchain/bin/../lib/gcc/avr/5.4.0/avr5\libgcc.a(_udivmodsi4.o)
                0x00002c10                __udivmodsi4
 .text.libgcc   0x00002c54        0xc d:/program files (x86)/atmel/studio/7.0/toolchain/avr8/avr8-gnu-toolchain/bin/../lib/gcc/avr/5.4.0/avr5\libgcc.a(_tablejump2.o)
                0x00002c54                __tablejump2__
 .text.libgcc.mul
                0x00002c60       0x1e d:/program files (x86)/atmel/studio/7.0/toolchain/avr8/avr8-gnu-toolchain/bin/../lib/gcc/avr/5.4.0/avr5\libgcc.a(_umulhisi3.o)
                0x00002c60                __umulhisi3
 .text.libgcc.mul
                0x00002c7e       0x16 d:/program files (x86)/atmel/studio/7.0/toolchain/avr8/avr8-gnu-toolchain/bin/../lib/gcc/avr/5.4.0/avr5\libgcc.a(_muluhisi3.o)
                0x00002c7e                __muluhisi3
 .text.libgcc.mul
                0x00002c94       0x10 d:/program files (x86)/atmel/studio/7.0/toolchain/avr8/avr8-gnu-toolchain/bin/../lib/gcc/avr/5.4.0/avr5\libgcc.a(_mulshisi3.o)
                0x00002c94                __mulshisi3
                0x00002c9a                __mulohisi3
 .text.libgcc.div
                0x00002ca4       0x28 d:/program files (x86)/atmel/studio/7.0/toolchain/avr8/avr8-gnu-toolchain/bin/../lib/gcc/avr/5.4.0/avr5\libgcc.a(_udivmodhi4.o)
                0x00002ca4                __udivmodhi4
 .text.avr-libc
                0x00002ccc       0x10 D:/Program Files (x86)/Atmel/Studio/7.0/Packs/atmel/ATmega_DFP/1.2.132/gcc/dev/atmega328p/avr5\libatmega328p.a(eerd_byte.o)
                0x00002ccc                eeprom_read_byte
 .text.avr-libc
                0x00002cdc       0x1c D:/Program Files (x86)/Atmel/Studio/7.0/Packs/atmel/ATmega_DFP/1.2.132/gcc/dev/atmega328p/avr5\libatmega328p.a(eewr_byte.o)
                0x00002cdc                eeprom_write_byte
                0x00002cde                eeprom_write_r18
                0x00002cf8                . = ALIGN (0x2)
 *(.fini9)
 .fini9         0x00002cf8        0x0 d:/program files (x86)/atmel/studio/7.0/toolchain/avr8/avr8-gnu-toolchain/bin/../lib/gcc/avr/5.4.0/avr5\libgcc.a(_exit.o)
                0x00002cf8                _exit
                0x00002cf8                exit
 *(.fini9)
 *(.fini8)
 *(.fini8)
 *(.fini7)
 *(.fini7)
 *(.fini6)
 *(.fini6)
 *(.fini5)
 *(.fini5)
 *(.fini4)
 *(.fini4)
 *(.fini3)
 *(.fini3)
 *(.fini2)
 *(.fini2)
 *(.fini1)
 *(.fini1)
 *(.fini0)
 .fini0         0x00002cf8        0x4 d:/program files (x86)/atmel/studio/7.0/toolchain/avr8/avr8-gnu-toolchain/bin/../lib/gcc/avr/5.4.0/avr5\libgcc.a(_exit.o)
 *(.fini0)
                0x00002cfc                _etext = .

.data           0x00800100       0xca load address 0x00002cfc
                0x00800100                PROVIDE (__data_start, .)
 *(.data)
 *(.data*)
 .data.alarm2_addr
                0x00800100        0x1 Main.o
                0x00800100                alarm2_addr
 .data.intFunc  0x00800101        0x4 D:\Users\death\DOCUME~1\GitHub\PROJEC~1\C__&AR~1\PCD\PCD\ARDUIN~1\Debug\libArduinoCore.a(WInterrupts.o)
 .data.analog_reference
                0x00800105        0x1 D:\Users\death\DOCUME~1\GitHub\PROJEC~1\C__&AR~1\PCD\PCD\ARDUIN~1\Debug\libArduinoCore.a(wiring_analog.o)
                0x00800105                analog_reference
 *(.rodata)
 *(.rodata*)
 .rodata.str1.1
                0x00800106       0x78 Main.o
                                 0x7b (size before relaxing)
 .rodata._ZTV14HardwareSerial
                0x0080017e       0x12 D:\Users\death\DOCUME~1\GitHub\PROJEC~1\C__&AR~1\PCD\PCD\ARDUIN~1\Debug\libArduinoCore.a(HardwareSerial.o)
                0x0080017e                _ZTV14HardwareSerial
 .rodata.str1.1
                0x00800190        0xf D:\Users\death\DOCUME~1\GitHub\PROJEC~1\C__&AR~1\PCD\PCD\ARDUIN~1\Debug\libArduinoCore.a(Print.o)
 .rodata._ZTV13LiquidCrystal
                0x0080019f        0xc D:\Users\death\DOCUME~1\GitHub\PROJEC~1\C__&AR~1\PCD\PCD\ARDUIN~1\Debug\libArduinoCore.a(LiquidCrystal.o)
                0x0080019f                _ZTV13LiquidCrystal
 .rodata._ZL9monthDays
                0x008001ab        0xc D:\Users\death\DOCUME~1\GitHub\PROJEC~1\C__&AR~1\PCD\PCD\ARDUIN~1\Debug\libArduinoCore.a(Time.o)
 .rodata._ZTV7TwoWire
                0x008001b7       0x12 D:\Users\death\DOCUME~1\GitHub\PROJEC~1\C__&AR~1\PCD\PCD\ARDUIN~1\Debug\libArduinoCore.a(Wire.o)
                0x008001b7                _ZTV7TwoWire
 *(.gnu.linkonce.d*)
                0x008001ca                . = ALIGN (0x2)
 *fill*         0x008001c9        0x1 
                0x008001ca                _edata = .
                0x008001ca                PROVIDE (__data_end, .)

.bss            0x008001ca      0x1b1
                0x008001ca                PROVIDE (__bss_start, .)
 *(.bss)
 *(.bss*)
 .bss.lcd       0x008001ca       0x18 Main.o
                0x008001ca                lcd
 .bss.relayArray
                0x008001e2        0x1 Main.o
                0x008001e2                relayArray
 .bss.RTC_alarm
                0x008001e3        0xe Main.o
                0x008001e3                RTC_alarm
 .bss.HMI       0x008001f1        0x8 Main.o
                0x008001f1                HMI
 .bss.alarm1_addr
                0x008001f9        0x1 Main.o
                0x008001f9                alarm1_addr
 .bss.test      0x008001fa        0x1 Main.o
                0x008001fa                test
 .bss.T1Timer   0x008001fb        0x2 Main.o
                0x008001fb                T1Timer
 .bss.alarmIsrWasCalled
                0x008001fd        0x1 Main.o
                0x008001fd                alarmIsrWasCalled
 .bss.Serial    0x008001fe       0x9d D:\Users\death\DOCUME~1\GitHub\PROJEC~1\C__&AR~1\PCD\PCD\ARDUIN~1\Debug\libArduinoCore.a(HardwareSerial0.o)
                0x008001fe                Serial
 .bss.timer0_fract
                0x0080029b        0x1 D:\Users\death\DOCUME~1\GitHub\PROJEC~1\C__&AR~1\PCD\PCD\ARDUIN~1\Debug\libArduinoCore.a(wiring.o)
 .bss.timer0_millis
                0x0080029c        0x4 D:\Users\death\DOCUME~1\GitHub\PROJEC~1\C__&AR~1\PCD\PCD\ARDUIN~1\Debug\libArduinoCore.a(wiring.o)
                0x0080029c                timer0_millis
 .bss.timer0_overflow_count
                0x008002a0        0x4 D:\Users\death\DOCUME~1\GitHub\PROJEC~1\C__&AR~1\PCD\PCD\ARDUIN~1\Debug\libArduinoCore.a(wiring.o)
                0x008002a0                timer0_overflow_count
 .bss.RTC       0x008002a4        0x1 D:\Users\death\DOCUME~1\GitHub\PROJEC~1\C__&AR~1\PCD\PCD\ARDUIN~1\Debug\libArduinoCore.a(DS3232RTC.o)
                0x008002a4                RTC
 .bss._ZN9DS3232RTC7errCodeE
                0x008002a5        0x1 D:\Users\death\DOCUME~1\GitHub\PROJEC~1\C__&AR~1\PCD\PCD\ARDUIN~1\Debug\libArduinoCore.a(DS3232RTC.o)
                0x008002a5                _ZN9DS3232RTC7errCodeE
 .bss._ZL6buffer
                0x008002a6        0xa D:\Users\death\DOCUME~1\GitHub\PROJEC~1\C__&AR~1\PCD\PCD\ARDUIN~1\Debug\libArduinoCore.a(DateStrings.o)
 .bss._ZL9cacheTime
                0x008002b0        0x4 D:\Users\death\DOCUME~1\GitHub\PROJEC~1\C__&AR~1\PCD\PCD\ARDUIN~1\Debug\libArduinoCore.a(Time.o)
 .bss._ZL2tm    0x008002b4        0x7 D:\Users\death\DOCUME~1\GitHub\PROJEC~1\C__&AR~1\PCD\PCD\ARDUIN~1\Debug\libArduinoCore.a(Time.o)
 .bss.Wire      0x008002bb        0xc D:\Users\death\DOCUME~1\GitHub\PROJEC~1\C__&AR~1\PCD\PCD\ARDUIN~1\Debug\libArduinoCore.a(Wire.o)
                0x008002bb                Wire
 .bss._ZN7TwoWire12transmittingE
                0x008002c7        0x1 D:\Users\death\DOCUME~1\GitHub\PROJEC~1\C__&AR~1\PCD\PCD\ARDUIN~1\Debug\libArduinoCore.a(Wire.o)
                0x008002c7                _ZN7TwoWire12transmittingE
 .bss._ZN7TwoWire14txBufferLengthE
                0x008002c8        0x1 D:\Users\death\DOCUME~1\GitHub\PROJEC~1\C__&AR~1\PCD\PCD\ARDUIN~1\Debug\libArduinoCore.a(Wire.o)
                0x008002c8                _ZN7TwoWire14txBufferLengthE
 .bss._ZN7TwoWire13txBufferIndexE
                0x008002c9        0x1 D:\Users\death\DOCUME~1\GitHub\PROJEC~1\C__&AR~1\PCD\PCD\ARDUIN~1\Debug\libArduinoCore.a(Wire.o)
                0x008002c9                _ZN7TwoWire13txBufferIndexE
 .bss._ZN7TwoWire8txBufferE
                0x008002ca       0x20 D:\Users\death\DOCUME~1\GitHub\PROJEC~1\C__&AR~1\PCD\PCD\ARDUIN~1\Debug\libArduinoCore.a(Wire.o)
                0x008002ca                _ZN7TwoWire8txBufferE
 .bss._ZN7TwoWire9txAddressE
                0x008002ea        0x1 D:\Users\death\DOCUME~1\GitHub\PROJEC~1\C__&AR~1\PCD\PCD\ARDUIN~1\Debug\libArduinoCore.a(Wire.o)
                0x008002ea                _ZN7TwoWire9txAddressE
 .bss._ZN7TwoWire14rxBufferLengthE
                0x008002eb        0x1 D:\Users\death\DOCUME~1\GitHub\PROJEC~1\C__&AR~1\PCD\PCD\ARDUIN~1\Debug\libArduinoCore.a(Wire.o)
                0x008002eb                _ZN7TwoWire14rxBufferLengthE
 .bss._ZN7TwoWire13rxBufferIndexE
                0x008002ec        0x1 D:\Users\death\DOCUME~1\GitHub\PROJEC~1\C__&AR~1\PCD\PCD\ARDUIN~1\Debug\libArduinoCore.a(Wire.o)
                0x008002ec                _ZN7TwoWire13rxBufferIndexE
 .bss._ZN7TwoWire8rxBufferE
                0x008002ed       0x20 D:\Users\death\DOCUME~1\GitHub\PROJEC~1\C__&AR~1\PCD\PCD\ARDUIN~1\Debug\libArduinoCore.a(Wire.o)
                0x008002ed                _ZN7TwoWire8rxBufferE
 .bss.twi_error
                0x0080030d        0x1 D:\Users\death\DOCUME~1\GitHub\PROJEC~1\C__&AR~1\PCD\PCD\ARDUIN~1\Debug\libArduinoCore.a(twi.o)
 .bss.twi_rxBufferIndex
                0x0080030e        0x1 D:\Users\death\DOCUME~1\GitHub\PROJEC~1\C__&AR~1\PCD\PCD\ARDUIN~1\Debug\libArduinoCore.a(twi.o)
 .bss.twi_rxBuffer
                0x0080030f       0x20 D:\Users\death\DOCUME~1\GitHub\PROJEC~1\C__&AR~1\PCD\PCD\ARDUIN~1\Debug\libArduinoCore.a(twi.o)
 .bss.twi_txBufferLength
                0x0080032f        0x1 D:\Users\death\DOCUME~1\GitHub\PROJEC~1\C__&AR~1\PCD\PCD\ARDUIN~1\Debug\libArduinoCore.a(twi.o)
 .bss.twi_txBufferIndex
                0x00800330        0x1 D:\Users\death\DOCUME~1\GitHub\PROJEC~1\C__&AR~1\PCD\PCD\ARDUIN~1\Debug\libArduinoCore.a(twi.o)
 .bss.twi_txBuffer
                0x00800331       0x20 D:\Users\death\DOCUME~1\GitHub\PROJEC~1\C__&AR~1\PCD\PCD\ARDUIN~1\Debug\libArduinoCore.a(twi.o)
 .bss.twi_masterBufferLength
                0x00800351        0x1 D:\Users\death\DOCUME~1\GitHub\PROJEC~1\C__&AR~1\PCD\PCD\ARDUIN~1\Debug\libArduinoCore.a(twi.o)
 .bss.twi_masterBufferIndex
                0x00800352        0x1 D:\Users\death\DOCUME~1\GitHub\PROJEC~1\C__&AR~1\PCD\PCD\ARDUIN~1\Debug\libArduinoCore.a(twi.o)
 .bss.twi_masterBuffer
                0x00800353       0x20 D:\Users\death\DOCUME~1\GitHub\PROJEC~1\C__&AR~1\PCD\PCD\ARDUIN~1\Debug\libArduinoCore.a(twi.o)
 .bss.twi_onSlaveReceive
                0x00800373        0x2 D:\Users\death\DOCUME~1\GitHub\PROJEC~1\C__&AR~1\PCD\PCD\ARDUIN~1\Debug\libArduinoCore.a(twi.o)
 .bss.twi_onSlaveTransmit
                0x00800375        0x2 D:\Users\death\DOCUME~1\GitHub\PROJEC~1\C__&AR~1\PCD\PCD\ARDUIN~1\Debug\libArduinoCore.a(twi.o)
 .bss.twi_inRepStart
                0x00800377        0x1 D:\Users\death\DOCUME~1\GitHub\PROJEC~1\C__&AR~1\PCD\PCD\ARDUIN~1\Debug\libArduinoCore.a(twi.o)
 .bss.twi_sendStop
                0x00800378        0x1 D:\Users\death\DOCUME~1\GitHub\PROJEC~1\C__&AR~1\PCD\PCD\ARDUIN~1\Debug\libArduinoCore.a(twi.o)
 .bss.twi_slarw
                0x00800379        0x1 D:\Users\death\DOCUME~1\GitHub\PROJEC~1\C__&AR~1\PCD\PCD\ARDUIN~1\Debug\libArduinoCore.a(twi.o)
 .bss.twi_state
                0x0080037a        0x1 D:\Users\death\DOCUME~1\GitHub\PROJEC~1\C__&AR~1\PCD\PCD\ARDUIN~1\Debug\libArduinoCore.a(twi.o)
 *(COMMON)
                0x0080037b                PROVIDE (__bss_end, .)
                0x00002cfc                __data_load_start = LOADADDR (.data)
                0x00002dc6                __data_load_end = (__data_load_start + SIZEOF (.data))

.noinit         0x0080037b        0x0
                [!provide]                PROVIDE (__noinit_start, .)
 *(.noinit*)
                [!provide]                PROVIDE (__noinit_end, .)
                0x0080037b                _end = .
                [!provide]                PROVIDE (__heap_start, .)

.eeprom         0x00810000        0x0
 *(.eeprom*)
                0x00810000                __eeprom_end = .

.fuse
 *(.fuse)
 *(.lfuse)
 *(.hfuse)
 *(.efuse)

.lock
 *(.lock*)

.signature
 *(.signature*)

.user_signatures
 *(.user_signatures*)

.stab
 *(.stab)

.stabstr
 *(.stabstr)

.stab.excl
 *(.stab.excl)

.stab.exclstr
 *(.stab.exclstr)

.stab.index
 *(.stab.index)

.stab.indexstr
 *(.stab.indexstr)

.comment        0x00000000       0x30
 *(.comment)
 .comment       0x00000000       0x30 Main.o
                                 0x31 (size before relaxing)
 .comment       0x00000030       0x31 D:\Users\death\DOCUME~1\GitHub\PROJEC~1\C__&AR~1\PCD\PCD\ARDUIN~1\Debug\libArduinoCore.a(HardwareSerial.o)
 .comment       0x00000030       0x31 D:\Users\death\DOCUME~1\GitHub\PROJEC~1\C__&AR~1\PCD\PCD\ARDUIN~1\Debug\libArduinoCore.a(HardwareSerial0.o)
 .comment       0x00000030       0x31 D:\Users\death\DOCUME~1\GitHub\PROJEC~1\C__&AR~1\PCD\PCD\ARDUIN~1\Debug\libArduinoCore.a(Print.o)
 .comment       0x00000030       0x31 D:\Users\death\DOCUME~1\GitHub\PROJEC~1\C__&AR~1\PCD\PCD\ARDUIN~1\Debug\libArduinoCore.a(WInterrupts.o)
 .comment       0x00000030       0x31 D:\Users\death\DOCUME~1\GitHub\PROJEC~1\C__&AR~1\PCD\PCD\ARDUIN~1\Debug\libArduinoCore.a(wiring.o)
 .comment       0x00000030       0x31 D:\Users\death\DOCUME~1\GitHub\PROJEC~1\C__&AR~1\PCD\PCD\ARDUIN~1\Debug\libArduinoCore.a(wiring_analog.o)
 .comment       0x00000030       0x31 D:\Users\death\DOCUME~1\GitHub\PROJEC~1\C__&AR~1\PCD\PCD\ARDUIN~1\Debug\libArduinoCore.a(wiring_digital.o)
 .comment       0x00000030       0x31 D:\Users\death\DOCUME~1\GitHub\PROJEC~1\C__&AR~1\PCD\PCD\ARDUIN~1\Debug\libArduinoCore.a(DS3232RTC.o)
 .comment       0x00000030       0x31 D:\Users\death\DOCUME~1\GitHub\PROJEC~1\C__&AR~1\PCD\PCD\ARDUIN~1\Debug\libArduinoCore.a(LiquidCrystal.o)
 .comment       0x00000030       0x31 D:\Users\death\DOCUME~1\GitHub\PROJEC~1\C__&AR~1\PCD\PCD\ARDUIN~1\Debug\libArduinoCore.a(DateStrings.o)
 .comment       0x00000030       0x31 D:\Users\death\DOCUME~1\GitHub\PROJEC~1\C__&AR~1\PCD\PCD\ARDUIN~1\Debug\libArduinoCore.a(Time.o)
 .comment       0x00000030       0x31 D:\Users\death\DOCUME~1\GitHub\PROJEC~1\C__&AR~1\PCD\PCD\ARDUIN~1\Debug\libArduinoCore.a(Wire.o)
 .comment       0x00000030       0x31 D:\Users\death\DOCUME~1\GitHub\PROJEC~1\C__&AR~1\PCD\PCD\ARDUIN~1\Debug\libArduinoCore.a(hooks.o)
 .comment       0x00000030       0x31 D:\Users\death\DOCUME~1\GitHub\PROJEC~1\C__&AR~1\PCD\PCD\ARDUIN~1\Debug\libArduinoCore.a(twi.o)

.note.gnu.avr.deviceinfo
                0x00000000       0x40
 .note.gnu.avr.deviceinfo
                0x00000000       0x40 D:/Program Files (x86)/Atmel/Studio/7.0/Packs/atmel/ATmega_DFP/1.2.132/gcc/dev/atmega328p/avr5/crtatmega328p.o

.note.gnu.build-id
 *(.note.gnu.build-id)

.debug
 *(.debug)

.line
 *(.line)

.debug_srcinfo
 *(.debug_srcinfo)

.debug_sfnames
 *(.debug_sfnames)

.debug_aranges  0x00000000      0x838
 *(.debug_aranges)
 .debug_aranges
                0x00000000       0xc0 Main.o
 .debug_aranges
                0x000000c0       0x68 D:\Users\death\DOCUME~1\GitHub\PROJEC~1\C__&AR~1\PCD\PCD\ARDUIN~1\Debug\libArduinoCore.a(HardwareSerial.o)
 .debug_aranges
                0x00000128       0x48 D:\Users\death\DOCUME~1\GitHub\PROJEC~1\C__&AR~1\PCD\PCD\ARDUIN~1\Debug\libArduinoCore.a(HardwareSerial0.o)
 .debug_aranges
                0x00000170      0x100 D:\Users\death\DOCUME~1\GitHub\PROJEC~1\C__&AR~1\PCD\PCD\ARDUIN~1\Debug\libArduinoCore.a(Print.o)
 .debug_aranges
                0x00000270       0x40 D:\Users\death\DOCUME~1\GitHub\PROJEC~1\C__&AR~1\PCD\PCD\ARDUIN~1\Debug\libArduinoCore.a(WInterrupts.o)
 .debug_aranges
                0x000002b0       0x48 D:\Users\death\DOCUME~1\GitHub\PROJEC~1\C__&AR~1\PCD\PCD\ARDUIN~1\Debug\libArduinoCore.a(wiring.o)
 .debug_aranges
                0x000002f8       0x30 D:\Users\death\DOCUME~1\GitHub\PROJEC~1\C__&AR~1\PCD\PCD\ARDUIN~1\Debug\libArduinoCore.a(wiring_analog.o)
 .debug_aranges
                0x00000328       0x38 D:\Users\death\DOCUME~1\GitHub\PROJEC~1\C__&AR~1\PCD\PCD\ARDUIN~1\Debug\libArduinoCore.a(wiring_digital.o)
 .debug_aranges
                0x00000360       0xb0 D:\Users\death\DOCUME~1\GitHub\PROJEC~1\C__&AR~1\PCD\PCD\ARDUIN~1\Debug\libArduinoCore.a(DS3232RTC.o)
 .debug_aranges
                0x00000410      0x110 D:\Users\death\DOCUME~1\GitHub\PROJEC~1\C__&AR~1\PCD\PCD\ARDUIN~1\Debug\libArduinoCore.a(LiquidCrystal.o)
 .debug_aranges
                0x00000520       0x38 D:\Users\death\DOCUME~1\GitHub\PROJEC~1\C__&AR~1\PCD\PCD\ARDUIN~1\Debug\libArduinoCore.a(DateStrings.o)
 .debug_aranges
                0x00000558      0x108 D:\Users\death\DOCUME~1\GitHub\PROJEC~1\C__&AR~1\PCD\PCD\ARDUIN~1\Debug\libArduinoCore.a(Time.o)
 .debug_aranges
                0x00000660       0xf8 D:\Users\death\DOCUME~1\GitHub\PROJEC~1\C__&AR~1\PCD\PCD\ARDUIN~1\Debug\libArduinoCore.a(Wire.o)
 .debug_aranges
                0x00000758       0x20 D:\Users\death\DOCUME~1\GitHub\PROJEC~1\C__&AR~1\PCD\PCD\ARDUIN~1\Debug\libArduinoCore.a(hooks.o)
 .debug_aranges
                0x00000778       0x80 D:\Users\death\DOCUME~1\GitHub\PROJEC~1\C__&AR~1\PCD\PCD\ARDUIN~1\Debug\libArduinoCore.a(twi.o)
 .debug_aranges
                0x000007f8       0x20 D:/Program Files (x86)/Atmel/Studio/7.0/Packs/atmel/ATmega_DFP/1.2.132/gcc/dev/atmega328p/avr5\libatmega328p.a(eerd_byte.o)
 .debug_aranges
                0x00000818       0x20 D:/Program Files (x86)/Atmel/Studio/7.0/Packs/atmel/ATmega_DFP/1.2.132/gcc/dev/atmega328p/avr5\libatmega328p.a(eewr_byte.o)

.debug_pubnames
 *(.debug_pubnames)

.debug_info     0x00000000    0x11698
 *(.debug_info .gnu.linkonce.wi.*)
 .debug_info    0x00000000      0x5f4 D:/Program Files (x86)/Atmel/Studio/7.0/Packs/atmel/ATmega_DFP/1.2.132/gcc/dev/atmega328p/avr5/crtatmega328p.o
 .debug_info    0x000005f4     0x2fc3 Main.o
 .debug_info    0x000035b7     0x1e89 D:\Users\death\DOCUME~1\GitHub\PROJEC~1\C__&AR~1\PCD\PCD\ARDUIN~1\Debug\libArduinoCore.a(HardwareSerial.o)
 .debug_info    0x00005440     0x1b16 D:\Users\death\DOCUME~1\GitHub\PROJEC~1\C__&AR~1\PCD\PCD\ARDUIN~1\Debug\libArduinoCore.a(HardwareSerial0.o)
 .debug_info    0x00006f56     0x28ff D:\Users\death\DOCUME~1\GitHub\PROJEC~1\C__&AR~1\PCD\PCD\ARDUIN~1\Debug\libArduinoCore.a(Print.o)
 .debug_info    0x00009855      0x21c D:\Users\death\DOCUME~1\GitHub\PROJEC~1\C__&AR~1\PCD\PCD\ARDUIN~1\Debug\libArduinoCore.a(WInterrupts.o)
 .debug_info    0x00009a71      0x2cb D:\Users\death\DOCUME~1\GitHub\PROJEC~1\C__&AR~1\PCD\PCD\ARDUIN~1\Debug\libArduinoCore.a(wiring.o)
 .debug_info    0x00009d3c      0x26d D:\Users\death\DOCUME~1\GitHub\PROJEC~1\C__&AR~1\PCD\PCD\ARDUIN~1\Debug\libArduinoCore.a(wiring_analog.o)
 .debug_info    0x00009fa9      0x5fe D:\Users\death\DOCUME~1\GitHub\PROJEC~1\C__&AR~1\PCD\PCD\ARDUIN~1\Debug\libArduinoCore.a(wiring_digital.o)
 .debug_info    0x0000a5a7     0x13b9 D:\Users\death\DOCUME~1\GitHub\PROJEC~1\C__&AR~1\PCD\PCD\ARDUIN~1\Debug\libArduinoCore.a(DS3232RTC.o)
 .debug_info    0x0000b960     0x1bdd D:\Users\death\DOCUME~1\GitHub\PROJEC~1\C__&AR~1\PCD\PCD\ARDUIN~1\Debug\libArduinoCore.a(LiquidCrystal.o)
 .debug_info    0x0000d53d      0x582 D:\Users\death\DOCUME~1\GitHub\PROJEC~1\C__&AR~1\PCD\PCD\ARDUIN~1\Debug\libArduinoCore.a(DateStrings.o)
 .debug_info    0x0000dabf      0xc8b D:\Users\death\DOCUME~1\GitHub\PROJEC~1\C__&AR~1\PCD\PCD\ARDUIN~1\Debug\libArduinoCore.a(Time.o)
 .debug_info    0x0000e74a     0x27b4 D:\Users\death\DOCUME~1\GitHub\PROJEC~1\C__&AR~1\PCD\PCD\ARDUIN~1\Debug\libArduinoCore.a(Wire.o)
 .debug_info    0x00010efe       0x3e D:\Users\death\DOCUME~1\GitHub\PROJEC~1\C__&AR~1\PCD\PCD\ARDUIN~1\Debug\libArduinoCore.a(hooks.o)
 .debug_info    0x00010f3c      0x604 D:\Users\death\DOCUME~1\GitHub\PROJEC~1\C__&AR~1\PCD\PCD\ARDUIN~1\Debug\libArduinoCore.a(twi.o)
 .debug_info    0x00011540       0xac D:/Program Files (x86)/Atmel/Studio/7.0/Packs/atmel/ATmega_DFP/1.2.132/gcc/dev/atmega328p/avr5\libatmega328p.a(eerd_byte.o)
 .debug_info    0x000115ec       0xac D:/Program Files (x86)/Atmel/Studio/7.0/Packs/atmel/ATmega_DFP/1.2.132/gcc/dev/atmega328p/avr5\libatmega328p.a(eewr_byte.o)

.debug_abbrev   0x00000000     0x322c
 *(.debug_abbrev)
 .debug_abbrev  0x00000000      0x5a2 D:/Program Files (x86)/Atmel/Studio/7.0/Packs/atmel/ATmega_DFP/1.2.132/gcc/dev/atmega328p/avr5/crtatmega328p.o
 .debug_abbrev  0x000005a2      0x615 Main.o
 .debug_abbrev  0x00000bb7      0x432 D:\Users\death\DOCUME~1\GitHub\PROJEC~1\C__&AR~1\PCD\PCD\ARDUIN~1\Debug\libArduinoCore.a(HardwareSerial.o)
 .debug_abbrev  0x00000fe9      0x3ce D:\Users\death\DOCUME~1\GitHub\PROJEC~1\C__&AR~1\PCD\PCD\ARDUIN~1\Debug\libArduinoCore.a(HardwareSerial0.o)
 .debug_abbrev  0x000013b7      0x47a D:\Users\death\DOCUME~1\GitHub\PROJEC~1\C__&AR~1\PCD\PCD\ARDUIN~1\Debug\libArduinoCore.a(Print.o)
 .debug_abbrev  0x00001831       0xfc D:\Users\death\DOCUME~1\GitHub\PROJEC~1\C__&AR~1\PCD\PCD\ARDUIN~1\Debug\libArduinoCore.a(WInterrupts.o)
 .debug_abbrev  0x0000192d      0x146 D:\Users\death\DOCUME~1\GitHub\PROJEC~1\C__&AR~1\PCD\PCD\ARDUIN~1\Debug\libArduinoCore.a(wiring.o)
 .debug_abbrev  0x00001a73      0x16b D:\Users\death\DOCUME~1\GitHub\PROJEC~1\C__&AR~1\PCD\PCD\ARDUIN~1\Debug\libArduinoCore.a(wiring_analog.o)
 .debug_abbrev  0x00001bde      0x15b D:\Users\death\DOCUME~1\GitHub\PROJEC~1\C__&AR~1\PCD\PCD\ARDUIN~1\Debug\libArduinoCore.a(wiring_digital.o)
 .debug_abbrev  0x00001d39      0x4de D:\Users\death\DOCUME~1\GitHub\PROJEC~1\C__&AR~1\PCD\PCD\ARDUIN~1\Debug\libArduinoCore.a(DS3232RTC.o)
 .debug_abbrev  0x00002217      0x365 D:\Users\death\DOCUME~1\GitHub\PROJEC~1\C__&AR~1\PCD\PCD\ARDUIN~1\Debug\libArduinoCore.a(LiquidCrystal.o)
 .debug_abbrev  0x0000257c      0x107 D:\Users\death\DOCUME~1\GitHub\PROJEC~1\C__&AR~1\PCD\PCD\ARDUIN~1\Debug\libArduinoCore.a(DateStrings.o)
 .debug_abbrev  0x00002683      0x376 D:\Users\death\DOCUME~1\GitHub\PROJEC~1\C__&AR~1\PCD\PCD\ARDUIN~1\Debug\libArduinoCore.a(Time.o)
 .debug_abbrev  0x000029f9      0x581 D:\Users\death\DOCUME~1\GitHub\PROJEC~1\C__&AR~1\PCD\PCD\ARDUIN~1\Debug\libArduinoCore.a(Wire.o)
 .debug_abbrev  0x00002f7a       0x2a D:\Users\death\DOCUME~1\GitHub\PROJEC~1\C__&AR~1\PCD\PCD\ARDUIN~1\Debug\libArduinoCore.a(hooks.o)
 .debug_abbrev  0x00002fa4      0x260 D:\Users\death\DOCUME~1\GitHub\PROJEC~1\C__&AR~1\PCD\PCD\ARDUIN~1\Debug\libArduinoCore.a(twi.o)
 .debug_abbrev  0x00003204       0x14 D:/Program Files (x86)/Atmel/Studio/7.0/Packs/atmel/ATmega_DFP/1.2.132/gcc/dev/atmega328p/avr5\libatmega328p.a(eerd_byte.o)
 .debug_abbrev  0x00003218       0x14 D:/Program Files (x86)/Atmel/Studio/7.0/Packs/atmel/ATmega_DFP/1.2.132/gcc/dev/atmega328p/avr5\libatmega328p.a(eewr_byte.o)

.debug_line     0x00000000     0x49e7
 *(.debug_line .debug_line.* .debug_line_end)
 .debug_line    0x00000000      0x133 D:/Program Files (x86)/Atmel/Studio/7.0/Packs/atmel/ATmega_DFP/1.2.132/gcc/dev/atmega328p/avr5/crtatmega328p.o
 .debug_line    0x00000133      0xd85 Main.o
 .debug_line    0x00000eb8      0x43b D:\Users\death\DOCUME~1\GitHub\PROJEC~1\C__&AR~1\PCD\PCD\ARDUIN~1\Debug\libArduinoCore.a(HardwareSerial.o)
 .debug_line    0x000012f3      0x2a1 D:\Users\death\DOCUME~1\GitHub\PROJEC~1\C__&AR~1\PCD\PCD\ARDUIN~1\Debug\libArduinoCore.a(HardwareSerial0.o)
 .debug_line    0x00001594      0x69a D:\Users\death\DOCUME~1\GitHub\PROJEC~1\C__&AR~1\PCD\PCD\ARDUIN~1\Debug\libArduinoCore.a(Print.o)
 .debug_line    0x00001c2e      0x1b5 D:\Users\death\DOCUME~1\GitHub\PROJEC~1\C__&AR~1\PCD\PCD\ARDUIN~1\Debug\libArduinoCore.a(WInterrupts.o)
 .debug_line    0x00001de3      0x2ae D:\Users\death\DOCUME~1\GitHub\PROJEC~1\C__&AR~1\PCD\PCD\ARDUIN~1\Debug\libArduinoCore.a(wiring.o)
 .debug_line    0x00002091      0x224 D:\Users\death\DOCUME~1\GitHub\PROJEC~1\C__&AR~1\PCD\PCD\ARDUIN~1\Debug\libArduinoCore.a(wiring_analog.o)
 .debug_line    0x000022b5      0x267 D:\Users\death\DOCUME~1\GitHub\PROJEC~1\C__&AR~1\PCD\PCD\ARDUIN~1\Debug\libArduinoCore.a(wiring_digital.o)
 .debug_line    0x0000251c      0x61d D:\Users\death\DOCUME~1\GitHub\PROJEC~1\C__&AR~1\PCD\PCD\ARDUIN~1\Debug\libArduinoCore.a(DS3232RTC.o)
 .debug_line    0x00002b39      0x93d D:\Users\death\DOCUME~1\GitHub\PROJEC~1\C__&AR~1\PCD\PCD\ARDUIN~1\Debug\libArduinoCore.a(LiquidCrystal.o)
 .debug_line    0x00003476      0x1c9 D:\Users\death\DOCUME~1\GitHub\PROJEC~1\C__&AR~1\PCD\PCD\ARDUIN~1\Debug\libArduinoCore.a(DateStrings.o)
 .debug_line    0x0000363f      0x759 D:\Users\death\DOCUME~1\GitHub\PROJEC~1\C__&AR~1\PCD\PCD\ARDUIN~1\Debug\libArduinoCore.a(Time.o)
 .debug_line    0x00003d98      0x5ec D:\Users\death\DOCUME~1\GitHub\PROJEC~1\C__&AR~1\PCD\PCD\ARDUIN~1\Debug\libArduinoCore.a(Wire.o)
 .debug_line    0x00004384       0x41 D:\Users\death\DOCUME~1\GitHub\PROJEC~1\C__&AR~1\PCD\PCD\ARDUIN~1\Debug\libArduinoCore.a(hooks.o)
 .debug_line    0x000043c5      0x50a D:\Users\death\DOCUME~1\GitHub\PROJEC~1\C__&AR~1\PCD\PCD\ARDUIN~1\Debug\libArduinoCore.a(twi.o)
 .debug_line    0x000048cf       0x7a D:/Program Files (x86)/Atmel/Studio/7.0/Packs/atmel/ATmega_DFP/1.2.132/gcc/dev/atmega328p/avr5\libatmega328p.a(eerd_byte.o)
 .debug_line    0x00004949       0x9e D:/Program Files (x86)/Atmel/Studio/7.0/Packs/atmel/ATmega_DFP/1.2.132/gcc/dev/atmega328p/avr5\libatmega328p.a(eewr_byte.o)

.debug_frame    0x00000000     0x1838
 *(.debug_frame)
 .debug_frame   0x00000000      0x324 Main.o
 .debug_frame   0x00000324      0x110 D:\Users\death\DOCUME~1\GitHub\PROJEC~1\C__&AR~1\PCD\PCD\ARDUIN~1\Debug\libArduinoCore.a(HardwareSerial.o)
 .debug_frame   0x00000434       0xe0 D:\Users\death\DOCUME~1\GitHub\PROJEC~1\C__&AR~1\PCD\PCD\ARDUIN~1\Debug\libArduinoCore.a(HardwareSerial0.o)
 .debug_frame   0x00000514      0x3ac D:\Users\death\DOCUME~1\GitHub\PROJEC~1\C__&AR~1\PCD\PCD\ARDUIN~1\Debug\libArduinoCore.a(Print.o)
 .debug_frame   0x000008c0       0xf4 D:\Users\death\DOCUME~1\GitHub\PROJEC~1\C__&AR~1\PCD\PCD\ARDUIN~1\Debug\libArduinoCore.a(WInterrupts.o)
 .debug_frame   0x000009b4       0xc4 D:\Users\death\DOCUME~1\GitHub\PROJEC~1\C__&AR~1\PCD\PCD\ARDUIN~1\Debug\libArduinoCore.a(wiring.o)
 .debug_frame   0x00000a78       0x54 D:\Users\death\DOCUME~1\GitHub\PROJEC~1\C__&AR~1\PCD\PCD\ARDUIN~1\Debug\libArduinoCore.a(wiring_analog.o)
 .debug_frame   0x00000acc       0x7c D:\Users\death\DOCUME~1\GitHub\PROJEC~1\C__&AR~1\PCD\PCD\ARDUIN~1\Debug\libArduinoCore.a(wiring_digital.o)
 .debug_frame   0x00000b48      0x278 D:\Users\death\DOCUME~1\GitHub\PROJEC~1\C__&AR~1\PCD\PCD\ARDUIN~1\Debug\libArduinoCore.a(DS3232RTC.o)
 .debug_frame   0x00000dc0      0x354 D:\Users\death\DOCUME~1\GitHub\PROJEC~1\C__&AR~1\PCD\PCD\ARDUIN~1\Debug\libArduinoCore.a(LiquidCrystal.o)
 .debug_frame   0x00001114       0x54 D:\Users\death\DOCUME~1\GitHub\PROJEC~1\C__&AR~1\PCD\PCD\ARDUIN~1\Debug\libArduinoCore.a(DateStrings.o)
 .debug_frame   0x00001168      0x2f4 D:\Users\death\DOCUME~1\GitHub\PROJEC~1\C__&AR~1\PCD\PCD\ARDUIN~1\Debug\libArduinoCore.a(Time.o)
 .debug_frame   0x0000145c      0x284 D:\Users\death\DOCUME~1\GitHub\PROJEC~1\C__&AR~1\PCD\PCD\ARDUIN~1\Debug\libArduinoCore.a(Wire.o)
 .debug_frame   0x000016e0       0x24 D:\Users\death\DOCUME~1\GitHub\PROJEC~1\C__&AR~1\PCD\PCD\ARDUIN~1\Debug\libArduinoCore.a(hooks.o)
 .debug_frame   0x00001704      0x134 D:\Users\death\DOCUME~1\GitHub\PROJEC~1\C__&AR~1\PCD\PCD\ARDUIN~1\Debug\libArduinoCore.a(twi.o)

.debug_str      0x00000000     0x3c00
 *(.debug_str)
 .debug_str     0x00000000      0x208 D:/Program Files (x86)/Atmel/Studio/7.0/Packs/atmel/ATmega_DFP/1.2.132/gcc/dev/atmega328p/avr5/crtatmega328p.o
 .debug_str     0x00000208      0xde9 Main.o
                                0xec9 (size before relaxing)
 .debug_str     0x00000ff1     0x1301 D:\Users\death\DOCUME~1\GitHub\PROJEC~1\C__&AR~1\PCD\PCD\ARDUIN~1\Debug\libArduinoCore.a(HardwareSerial.o)
                               0x15fc (size before relaxing)
 .debug_str     0x000022f2       0x86 D:\Users\death\DOCUME~1\GitHub\PROJEC~1\C__&AR~1\PCD\PCD\ARDUIN~1\Debug\libArduinoCore.a(HardwareSerial0.o)
                               0x1418 (size before relaxing)
 .debug_str     0x00002378      0x379 D:\Users\death\DOCUME~1\GitHub\PROJEC~1\C__&AR~1\PCD\PCD\ARDUIN~1\Debug\libArduinoCore.a(Print.o)
                               0x1252 (size before relaxing)
 .debug_str     0x000026f1      0x146 D:\Users\death\DOCUME~1\GitHub\PROJEC~1\C__&AR~1\PCD\PCD\ARDUIN~1\Debug\libArduinoCore.a(WInterrupts.o)
                                0x247 (size before relaxing)
 .debug_str     0x00002837       0x88 D:\Users\death\DOCUME~1\GitHub\PROJEC~1\C__&AR~1\PCD\PCD\ARDUIN~1\Debug\libArduinoCore.a(wiring.o)
                                0x25a (size before relaxing)
 .debug_str     0x000028bf       0x7c D:\Users\death\DOCUME~1\GitHub\PROJEC~1\C__&AR~1\PCD\PCD\ARDUIN~1\Debug\libArduinoCore.a(wiring_analog.o)
                                0x25e (size before relaxing)
 .debug_str     0x0000293b       0xa9 D:\Users\death\DOCUME~1\GitHub\PROJEC~1\C__&AR~1\PCD\PCD\ARDUIN~1\Debug\libArduinoCore.a(wiring_digital.o)
                                0x2bf (size before relaxing)
 .debug_str     0x000029e4      0x23f D:\Users\death\DOCUME~1\GitHub\PROJEC~1\C__&AR~1\PCD\PCD\ARDUIN~1\Debug\libArduinoCore.a(DS3232RTC.o)
                                0x979 (size before relaxing)
 .debug_str     0x00002c23      0x5b9 D:\Users\death\DOCUME~1\GitHub\PROJEC~1\C__&AR~1\PCD\PCD\ARDUIN~1\Debug\libArduinoCore.a(LiquidCrystal.o)
                                0x959 (size before relaxing)
 .debug_str     0x000031dc      0x173 D:\Users\death\DOCUME~1\GitHub\PROJEC~1\C__&AR~1\PCD\PCD\ARDUIN~1\Debug\libArduinoCore.a(DateStrings.o)
                                0x3a7 (size before relaxing)
 .debug_str     0x0000334f      0x278 D:\Users\death\DOCUME~1\GitHub\PROJEC~1\C__&AR~1\PCD\PCD\ARDUIN~1\Debug\libArduinoCore.a(Time.o)
                                0x5f5 (size before relaxing)
 .debug_str     0x000035c7      0x4cc D:\Users\death\DOCUME~1\GitHub\PROJEC~1\C__&AR~1\PCD\PCD\ARDUIN~1\Debug\libArduinoCore.a(Wire.o)
                               0x18d1 (size before relaxing)
 .debug_str     0x00003a93       0x1c D:\Users\death\DOCUME~1\GitHub\PROJEC~1\C__&AR~1\PCD\PCD\ARDUIN~1\Debug\libArduinoCore.a(hooks.o)
                                0x14f (size before relaxing)
 .debug_str     0x00003aaf      0x151 D:\Users\death\DOCUME~1\GitHub\PROJEC~1\C__&AR~1\PCD\PCD\ARDUIN~1\Debug\libArduinoCore.a(twi.o)
                                0x3da (size before relaxing)

.debug_loc      0x00000000     0x86a0
 *(.debug_loc)
 .debug_loc     0x00000000     0x113e Main.o
 .debug_loc     0x0000113e      0x482 D:\Users\death\DOCUME~1\GitHub\PROJEC~1\C__&AR~1\PCD\PCD\ARDUIN~1\Debug\libArduinoCore.a(HardwareSerial.o)
 .debug_loc     0x000015c0      0x1b0 D:\Users\death\DOCUME~1\GitHub\PROJEC~1\C__&AR~1\PCD\PCD\ARDUIN~1\Debug\libArduinoCore.a(HardwareSerial0.o)
 .debug_loc     0x00001770     0x1c87 D:\Users\death\DOCUME~1\GitHub\PROJEC~1\C__&AR~1\PCD\PCD\ARDUIN~1\Debug\libArduinoCore.a(Print.o)
 .debug_loc     0x000033f7      0x235 D:\Users\death\DOCUME~1\GitHub\PROJEC~1\C__&AR~1\PCD\PCD\ARDUIN~1\Debug\libArduinoCore.a(WInterrupts.o)
 .debug_loc     0x0000362c      0x28d D:\Users\death\DOCUME~1\GitHub\PROJEC~1\C__&AR~1\PCD\PCD\ARDUIN~1\Debug\libArduinoCore.a(wiring.o)
 .debug_loc     0x000038b9       0xfe D:\Users\death\DOCUME~1\GitHub\PROJEC~1\C__&AR~1\PCD\PCD\ARDUIN~1\Debug\libArduinoCore.a(wiring_analog.o)
 .debug_loc     0x000039b7      0x5fc D:\Users\death\DOCUME~1\GitHub\PROJEC~1\C__&AR~1\PCD\PCD\ARDUIN~1\Debug\libArduinoCore.a(wiring_digital.o)
 .debug_loc     0x00003fb3      0xf46 D:\Users\death\DOCUME~1\GitHub\PROJEC~1\C__&AR~1\PCD\PCD\ARDUIN~1\Debug\libArduinoCore.a(DS3232RTC.o)
 .debug_loc     0x00004ef9     0x1a6e D:\Users\death\DOCUME~1\GitHub\PROJEC~1\C__&AR~1\PCD\PCD\ARDUIN~1\Debug\libArduinoCore.a(LiquidCrystal.o)
 .debug_loc     0x00006967      0x223 D:\Users\death\DOCUME~1\GitHub\PROJEC~1\C__&AR~1\PCD\PCD\ARDUIN~1\Debug\libArduinoCore.a(DateStrings.o)
 .debug_loc     0x00006b8a      0xb33 D:\Users\death\DOCUME~1\GitHub\PROJEC~1\C__&AR~1\PCD\PCD\ARDUIN~1\Debug\libArduinoCore.a(Time.o)
 .debug_loc     0x000076bd      0xbfd D:\Users\death\DOCUME~1\GitHub\PROJEC~1\C__&AR~1\PCD\PCD\ARDUIN~1\Debug\libArduinoCore.a(Wire.o)
 .debug_loc     0x000082ba      0x3e6 D:\Users\death\DOCUME~1\GitHub\PROJEC~1\C__&AR~1\PCD\PCD\ARDUIN~1\Debug\libArduinoCore.a(twi.o)

.debug_macinfo
 *(.debug_macinfo)

.debug_weaknames
 *(.debug_weaknames)

.debug_funcnames
 *(.debug_funcnames)

.debug_typenames
 *(.debug_typenames)

.debug_varnames
 *(.debug_varnames)

.debug_pubtypes
 *(.debug_pubtypes)

.debug_ranges   0x00000000      0x7e0
 *(.debug_ranges)
 .debug_ranges  0x00000000       0xc8 Main.o
 .debug_ranges  0x000000c8       0x58 D:\Users\death\DOCUME~1\GitHub\PROJEC~1\C__&AR~1\PCD\PCD\ARDUIN~1\Debug\libArduinoCore.a(HardwareSerial.o)
 .debug_ranges  0x00000120       0x38 D:\Users\death\DOCUME~1\GitHub\PROJEC~1\C__&AR~1\PCD\PCD\ARDUIN~1\Debug\libArduinoCore.a(HardwareSerial0.o)
 .debug_ranges  0x00000158      0x120 D:\Users\death\DOCUME~1\GitHub\PROJEC~1\C__&AR~1\PCD\PCD\ARDUIN~1\Debug\libArduinoCore.a(Print.o)
 .debug_ranges  0x00000278       0x30 D:\Users\death\DOCUME~1\GitHub\PROJEC~1\C__&AR~1\PCD\PCD\ARDUIN~1\Debug\libArduinoCore.a(WInterrupts.o)
 .debug_ranges  0x000002a8       0x38 D:\Users\death\DOCUME~1\GitHub\PROJEC~1\C__&AR~1\PCD\PCD\ARDUIN~1\Debug\libArduinoCore.a(wiring.o)
 .debug_ranges  0x000002e0       0x20 D:\Users\death\DOCUME~1\GitHub\PROJEC~1\C__&AR~1\PCD\PCD\ARDUIN~1\Debug\libArduinoCore.a(wiring_analog.o)
 .debug_ranges  0x00000300       0x28 D:\Users\death\DOCUME~1\GitHub\PROJEC~1\C__&AR~1\PCD\PCD\ARDUIN~1\Debug\libArduinoCore.a(wiring_digital.o)
 .debug_ranges  0x00000328       0xa0 D:\Users\death\DOCUME~1\GitHub\PROJEC~1\C__&AR~1\PCD\PCD\ARDUIN~1\Debug\libArduinoCore.a(DS3232RTC.o)
 .debug_ranges  0x000003c8      0x178 D:\Users\death\DOCUME~1\GitHub\PROJEC~1\C__&AR~1\PCD\PCD\ARDUIN~1\Debug\libArduinoCore.a(LiquidCrystal.o)
 .debug_ranges  0x00000540       0x40 D:\Users\death\DOCUME~1\GitHub\PROJEC~1\C__&AR~1\PCD\PCD\ARDUIN~1\Debug\libArduinoCore.a(DateStrings.o)
 .debug_ranges  0x00000580       0xf8 D:\Users\death\DOCUME~1\GitHub\PROJEC~1\C__&AR~1\PCD\PCD\ARDUIN~1\Debug\libArduinoCore.a(Time.o)
 .debug_ranges  0x00000678       0xe8 D:\Users\death\DOCUME~1\GitHub\PROJEC~1\C__&AR~1\PCD\PCD\ARDUIN~1\Debug\libArduinoCore.a(Wire.o)
 .debug_ranges  0x00000760       0x10 D:\Users\death\DOCUME~1\GitHub\PROJEC~1\C__&AR~1\PCD\PCD\ARDUIN~1\Debug\libArduinoCore.a(hooks.o)
 .debug_ranges  0x00000770       0x70 D:\Users\death\DOCUME~1\GitHub\PROJEC~1\C__&AR~1\PCD\PCD\ARDUIN~1\Debug\libArduinoCore.a(twi.o)

.debug_macro
 *(.debug_macro)
OUTPUT(ArduSketch3.elf elf32-avr)
LOAD linker stubs
